Component: ARM Compiler 5.06 update 5 (build 528) Tool: armlink [4d35e2]

==============================================================================

Section Cross References

    main.o(i.main) refers to system_init.o(i.system_Init) for system_Init
    main.o(i.main) refers to contral.o(i.contral_motor_Init) for contral_motor_Init
    main.o(i.main) refers to contral.o(i.claw_Init) for claw_Init
    main.o(i.main) refers to delay.o(i.delay_ms) for delay_ms
    main.o(i.main) refers to uart.o(i.ResetAng_Z) for ResetAng_Z
    main.o(i.main) refers to contral_claw.o(i.arrive_most_up) for arrive_most_up
    main.o(i.main) refers to contral.o(i.claw_turn3) for claw_turn3
    main.o(i.main) refers to contral.o(i.claw_open) for claw_open
    main.o(i.main) refers to contral.o(i.MOTOR_Angle) for MOTOR_Angle
    main.o(i.main) refers to contral.o(i.MOTOR_Align) for MOTOR_Align
    main.o(i.main) refers to oled.o(i.OLED_ClearArea) for OLED_ClearArea
    main.o(i.main) refers to f2d.o(.text) for __aeabi_f2d
    main.o(i.main) refers to oled.o(i.OLED_Printf) for OLED_Printf
    main.o(i.main) refers to oled.o(i.OLED_ShowSignedNum) for OLED_ShowSignedNum
    main.o(i.main) refers to oled.o(i.OLED_Update) for OLED_Update
    main.o(i.main) refers to key.o(i.Key_Get) for Key_Get
    main.o(i.main) refers to contral.o(i.Servo_default) for Servo_default
    main.o(i.main) refers to contral.o(i.claw_turn0) for claw_turn0
    main.o(i.main) refers to contral_claw.o(i.arrive_most_down) for arrive_most_down
    main.o(i.main) refers to uart.o(i.UART_SendPacket2UP) for UART_SendPacket2UP
    main.o(i.main) refers to uart.o(i.Serial1_GetRxFlag) for Serial1_GetRxFlag
    main.o(i.main) refers to contral.o(i.uart_handle) for uart_handle
    main.o(i.main) refers to contral.o(.data) for stepPosition
    main.o(i.main) refers to main.o(.data) for base_angle
    main.o(i.main) refers to uart.o(.data) for global_angle
    main.o(i.main) refers to colorreco.o(.data) for color
    main.o(i.test) refers to contral_claw.o(i.claw_get_block1) for claw_get_block1
    main.o(i.test) refers to delay.o(i.delay_ms) for delay_ms
    main.o(i.test) refers to contral_claw.o(i.claw_get_block2) for claw_get_block2
    main.o(i.test) refers to contral_claw.o(i.claw_get_block3) for claw_get_block3
    main.o(i.test) refers to contral_claw.o(i.claw_get_block4) for claw_get_block4
    main.o(i.test) refers to contral_claw.o(i.claw_get_block5) for claw_get_block5
    main.o(i.test) refers to contral_claw.o(i.claw_put_block1) for claw_put_block1
    main.o(i.test) refers to contral_claw.o(i.claw_put_block2) for claw_put_block2
    main.o(i.test) refers to contral_claw.o(i.claw_put_block3) for claw_put_block3
    main.o(i.test) refers to contral_claw.o(i.claw_put_block4) for claw_put_block4
    main.o(i.test) refers to contral_claw.o(i.claw_put_block5) for claw_put_block5
    main.o(i.test) refers to contral_claw.o(i.claw_get2_block1) for claw_get2_block1
    main.o(i.test) refers to contral_claw.o(i.claw_get2_block2) for claw_get2_block2
    main.o(i.test) refers to contral_claw.o(i.claw_get2_block3) for claw_get2_block3
    main.o(i.test) refers to contral_claw.o(i.claw_put_champion) for claw_put_champion
    main.o(i.test) refers to contral_claw.o(i.claw_put_runnerup) for claw_put_runnerup
    main.o(i.test) refers to contral_claw.o(i.claw_put_num3) for claw_put_num3
    main.o(i.test) refers to contral_claw.o(i.claw_put2_block) for claw_put2_block
    main.o(i.test) refers to contral_claw.o(i.arrive_most_up) for arrive_most_up
    main.o(i.test) refers to contral.o(i.Servo_default) for Servo_default
    system_stm32f10x.o(i.SetSysClock) refers to system_stm32f10x.o(i.SetSysClockTo72) for SetSysClockTo72
    system_stm32f10x.o(i.SystemCoreClockUpdate) refers to system_stm32f10x.o(.data) for SystemCoreClock
    system_stm32f10x.o(i.SystemInit) refers to system_stm32f10x.o(i.SetSysClock) for SetSysClock
    delay.o(i.delay_ms) refers to delay.o(i.delay_us) for delay_us
    delay.o(i.delay_s) refers to delay.o(i.delay_ms) for delay_ms
    startup_stm32f10x_hd.o(RESET) refers to startup_stm32f10x_hd.o(STACK) for __initial_sp
    startup_stm32f10x_hd.o(RESET) refers to startup_stm32f10x_hd.o(.text) for Reset_Handler
    startup_stm32f10x_hd.o(RESET) refers to stm32f10x_it.o(i.NMI_Handler) for NMI_Handler
    startup_stm32f10x_hd.o(RESET) refers to stm32f10x_it.o(i.HardFault_Handler) for HardFault_Handler
    startup_stm32f10x_hd.o(RESET) refers to stm32f10x_it.o(i.MemManage_Handler) for MemManage_Handler
    startup_stm32f10x_hd.o(RESET) refers to stm32f10x_it.o(i.BusFault_Handler) for BusFault_Handler
    startup_stm32f10x_hd.o(RESET) refers to stm32f10x_it.o(i.UsageFault_Handler) for UsageFault_Handler
    startup_stm32f10x_hd.o(RESET) refers to stm32f10x_it.o(i.SVC_Handler) for SVC_Handler
    startup_stm32f10x_hd.o(RESET) refers to stm32f10x_it.o(i.DebugMon_Handler) for DebugMon_Handler
[...]
    i.Serial1_GetRxFlag                      0x08002cb8   Section        0  uart.o(i.Serial1_GetRxFlag)
    i.Servo1_Init                            0x08002cd4   Section        0  servo.o(i.Servo1_Init)
    i.Servo2_Init                            0x08002d74   Section        0  servo.o(i.Servo2_Init)
    i.Servo3_Init                            0x08002e14   Section        0  servo.o(i.Servo3_Init)
    i.Servo4_Init                            0x08002eb4   Section        0  servo.o(i.Servo4_Init)
    i.Servo_SetAngle14                       0x08002f5c   Section        0  contral.o(i.Servo_SetAngle14)
    i.Servo_Stretch                          0x08002fa8   Section        0  contral.o(i.Servo_Stretch)
    i.Servo_default                          0x08002fb6   Section        0  contral.o(i.Servo_default)
    i.SetSysClock                            0x08002fc4   Section        0  system_stm32f10x.o(i.SetSysClock)
    SetSysClock                              0x08002fc5   Thumb Code     8  system_stm32f10x.o(i.SetSysClock)
    i.SetSysClockTo72                        0x08002fcc   Section        0  system_stm32f10x.o(i.SetSysClockTo72)
    SetSysClockTo72                          0x08002fcd   Thumb Code   214  system_stm32f10x.o(i.SetSysClockTo72)
    i.SysTick_Handler                        0x080030ac   Section        0  stm32f10x_it.o(i.SysTick_Handler)
    i.SystemInit                             0x080030b0   Section        0  system_stm32f10x.o(i.SystemInit)
    i.TIM2_IRQHandler                        0x08003110   Section        0  motor.o(i.TIM2_IRQHandler)
    i.TIM3_IRQHandler                        0x08003330   Section        0  motor.o(i.TIM3_IRQHandler)
    i.TIM4_IRQHandler                        0x0800356c   Section        0  motor.o(i.TIM4_IRQHandler)
    i.TIM6_COUNT_Init                        0x0800378c   Section        0  time_count.o(i.TIM6_COUNT_Init)
    i.TIM6_IRQHandler                        0x080037f4   Section        0  time_count.o(i.TIM6_IRQHandler)
    i.TIM_ARRPreloadConfig                   0x08003824   Section        0  stm32f10x_tim.o(i.TIM_ARRPreloadConfig)
    i.TIM_ClearITPendingBit                  0x0800383c   Section        0  stm32f10x_tim.o(i.TIM_ClearITPendingBit)
    i.TIM_Cmd                                0x08003842   Section        0  stm32f10x_tim.o(i.TIM_Cmd)
    i.TIM_CtrlPWMOutputs                     0x0800385a   Section        0  stm32f10x_tim.o(i.TIM_CtrlPWMOutputs)
    i.TIM_GetITStatus                        0x08003878   Section        0  stm32f10x_tim.o(i.TIM_GetITStatus)
    i.TIM_ITConfig                           0x0800389a   Section        0  stm32f10x_tim.o(i.TIM_ITConfig)
    i.TIM_OC1Init                            0x080038ac   Section        0  stm32f10x_tim.o(i.TIM_OC1Init)
    i.TIM_OC1PreloadConfig                   0x08003944   Section        0  stm32f10x_tim.o(i.TIM_OC1PreloadConfig)
    i.TIM_OC2Init                            0x08003958   Section        0  stm32f10x_tim.o(i.TIM_OC2Init)
    i.TIM_OC2PreloadConfig                   0x080039fc   Section        0  stm32f10x_tim.o(i.TIM_OC2PreloadConfig)
    i.TIM_OC3Init                            0x08003a18   Section        0  stm32f10x_tim.o(i.TIM_OC3Init)
    i.TIM_OC3PreloadConfig                   0x08003ab8   Section        0  stm32f10x_tim.o(i.TIM_OC3PreloadConfig)
    i.TIM_OC4Init                            0x08003acc   Section        0  stm32f10x_tim.o(i.TIM_OC4Init)
    i.TIM_OC4PreloadConfig                   0x08003b48   Section        0  stm32f10x_tim.o(i.TIM_OC4PreloadConfig)
    i.TIM_OCStructInit                       0x08003b62   Section        0  stm32f10x_tim.o(i.TIM_OCStructInit)
    i.TIM_SetAutoreload                      0x08003b76   Section        0  stm32f10x_tim.o(i.TIM_SetAutoreload)
    i.TIM_SetCompare1                        0x08003b7a   Section        0  stm32f10x_tim.o(i.TIM_SetCompare1)
    i.TIM_SetCompare2                        0x08003b7e   Section        0  stm32f10x_tim.o(i.TIM_SetCompare2)
    i.TIM_SetCompare3                        0x08003b82   Section        0  stm32f10x_tim.o(i.TIM_SetCompare3)
    i.TIM_SetCompare4                        0x08003b86   Section        0  stm32f10x_tim.o(i.TIM_SetCompare4)
    i.TIM_TimeBaseInit                       0x08003b8c   Section        0  stm32f10x_tim.o(i.TIM_TimeBaseInit)
    i.TIM_TimeBaseStructInit                 0x08003c30   Section        0  stm32f10x_tim.o(i.TIM_TimeBaseStructInit)
    i.TIM_UpdateRequestConfig                0x08003c42   Section        0  stm32f10x_tim.o(i.TIM_UpdateRequestConfig)
    i.UART1_Init                             0x08003c5c   Section        0  uart.o(i.UART1_Init)
    i.UART2_Init                             0x08003d04   Section        0  uart.o(i.UART2_Init)
    i.UART4_IRQHandler                       0x08003db8   Section        0  uart.o(i.UART4_IRQHandler)
    i.UART4_Init                             0x08003e70   Section        0  uart.o(i.UART4_Init)
    i.UART_SendPacket2UP                     0x08003f1c   Section        0  uart.o(i.UART_SendPacket2UP)
    i.USART1_IRQHandler                      0x08003f34   Section        0  uart.o(i.USART1_IRQHandler)
    i.USART1_SendBits                        0x08003fc8   Section        0  uart.o(i.USART1_SendBits)
    i.USART2_IRQHandler                      0x08003fe8   Section        0  uart.o(i.USART2_IRQHandler)
    i.USART_ClearITPendingBit                0x08004020   Section        0  stm32f10x_usart.o(i.USART_ClearITPendingBit)
    i.USART_Cmd                              0x0800403e   Section        0  stm32f10x_usart.o(i.USART_Cmd)
    i.USART_GetFlagStatus                    0x08004056   Section        0  stm32f10x_usart.o(i.USART_GetFlagStatus)
    i.USART_GetITStatus                      0x08004070   Section        0  stm32f10x_usart.o(i.USART_GetITStatus)
    i.USART_ITConfig                         0x080040c4   Section        0  stm32f10x_usart.o(i.USART_ITConfig)
    i.USART_Init                             0x08004110   Section        0  stm32f10x_usart.o(i.USART_Init)
    i.USART_ReceiveData                      0x080041e8   Section        0  stm32f10x_usart.o(i.USART_ReceiveData)
    i.USART_SendData                         0x080041f2   Section        0  stm32f10x_usart.o(i.USART_SendData)
    i.Uart4_SendByte                         0x080041fc   Section        0  uart.o(i.Uart4_SendByte)
    i.UsageFault_Handler                     0x0800421c   Section        0  stm32f10x_it.o(i.UsageFault_Handler)
    i.__0vsprintf                            0x08004220   Section        0  printfa.o(i.__0vsprintf)
    i.__scatterload_copy                     0x08004244   Section       14  handlers.o(i.__scatterload_copy)
    i.__scatterload_null                     0x08004252   Section        2  handlers.o(i.__scatterload_null)
    i.__scatterload_zeroinit                 0x08004254   Section       14  handlers.o(i.__scatterload_zeroinit)
    i.__set_errno                            0x08004264   Section        0  errno.o(i.__set_errno)
    i._fp_digits                             0x08004270   Section        0  printfa.o(i._fp_digits)
    _fp_digits                               0x08004271   Thumb Code   366  printfa.o(i._fp_digits)
    i._printf_core                           0x080043f4   Section        0  printfa.o(i._printf_core)
    _printf_core                             0x080043f5   Thumb Code  1744  printfa.o(i._printf_core)
    i._printf_post_padding                   0x08004ad0   Section        0  printfa.o(i._printf_post_padding)
    _printf_post_padding                     0x08004ad1   Thumb Code    36  printfa.o(i._printf_post_padding)
    i._printf_pre_padding                    0x08004af4   Section        0  printfa.o(i._printf_pre_padding)
    _printf_pre_padding                      0x08004af5   Thumb Code    46  printfa.o(i._printf_pre_padding)
    i._sputc                                 0x08004b22   Section        0  printfa.o(i._sputc)
    _sputc                                   0x08004b23   Thumb Code    10  printfa.o(i._sputc)
    i.abs_int                                0x08004b2c   Section        0  contral.o(i.abs_int)
    i.adjust_float                           0x08004b3c   Section        0  contral.o(i.adjust_float)
    i.arrive_block2_get                      0x08004b5c   Section        0  contral_claw.o(i.arrive_block2_get)
    i.arrive_block2_put                      0x08004b80   Section        0  contral_claw.o(i.arrive_block2_put)
    i.arrive_block_get                       0x08004ba4   Section        0  contral_claw.o(i.arrive_block_get)
    i.arrive_block_get1                      0x08004bc8   Section        0  contral_claw.o(i.arrive_block_get1)
    i.arrive_block_put                       0x08004bf4   Section        0  contral_claw.o(i.arrive_block_put)
    i.arrive_block_put_champion              0x08004c18   Section        0  contral_claw.o(i.arrive_block_put_champion)
    i.arrive_block_put_num3                  0x08004c3c   Section        0  contral_claw.o(i.arrive_block_put_num3)
    i.arrive_block_put_runnerup              0x08004c60   Section        0  contral_claw.o(i.arrive_block_put_runnerup)
    i.arrive_camera                          0x08004c84   Section        0  contral_claw.o(i.arrive_camera)
    i.arrive_car2_put                        0x08004ca8   Section        0  contral_claw.o(i.arrive_car2_put)
    i.arrive_car_get                         0x08004ccc   Section        0  contral_claw.o(i.arrive_car_get)
    i.arrive_car_get2                        0x08004cf0   Section        0  contral_claw.o(i.arrive_car_get2)
    i.arrive_car_put                         0x08004d14   Section        0  contral_claw.o(i.arrive_car_put)
    i.arrive_circle_capture                  0x08004d38   Section        0  contral_claw.o(i.arrive_circle_capture)
    i.arrive_circle_capture2                 0x08004d5c   Section        0  contral_claw.o(i.arrive_circle_capture2)
    i.arrive_color_reco                      0x08004d80   Section        0  contral_claw.o(i.arrive_color_reco)
    i.arrive_most_down                       0x08004da4   Section        0  contral_claw.o(i.arrive_most_down)
    i.arrive_most_up                         0x08004dc8   Section        0  contral_claw.o(i.arrive_most_up)
    i.arrive_put_down2                       0x08004df0   Section        0  contral_claw.o(i.arrive_put_down2)
    i.claw_Init                              0x08004e14   Section        0  contral.o(i.claw_Init)
    i.claw_close                             0x08004e48   Section        0  contral.o(i.claw_close)
    i.claw_close2                            0x08004e74   Section        0  contral.o(i.claw_close2)
    i.claw_get2_block1                       0x08004ea0   Section        0  contral_claw.o(i.claw_get2_block1)
    i.claw_get2_block2                       0x08004efe   Section        0  contral_claw.o(i.claw_get2_block2)
    i.claw_get2_block3                       0x08004f78   Section        0  contral_claw.o(i.claw_get2_block3)
    i.claw_get_block1                        0x08004ff2   Section        0  contral_claw.o(i.claw_get_block1)
    i.claw_get_block2                        0x08005052   Section        0  contral_claw.o(i.claw_get_block2)
    i.claw_get_block3                        0x080050b2   Section        0  contral_claw.o(i.claw_get_block3)
    i.claw_get_block4                        0x08005112   Section        0  contral_claw.o(i.claw_get_block4)
    i.claw_get_block5                        0x08005172   Section        0  contral_claw.o(i.claw_get_block5)
    i.claw_home                              0x080051d2   Section        0  contral_claw.o(i.claw_home)
    i.claw_open                              0x080051f4   Section        0  contral.o(i.claw_open)
    i.claw_open1                             0x08005220   Section        0  contral.o(i.claw_open1)
    i.claw_position                          0x0800524c   Section        0  contral_claw.o(i.claw_position)
    i.claw_put2_block                        0x080052d4   Section        0  contral_claw.o(i.claw_put2_block)
    i.claw_put_block1                        0x0800532e   Section        0  contral_claw.o(i.claw_put_block1)
    i.claw_put_block2                        0x08005384   Section        0  contral_claw.o(i.claw_put_block2)
    i.claw_put_block3                        0x080053da   Section        0  contral_claw.o(i.claw_put_block3)
    i.claw_put_block4                        0x08005430   Section        0  contral_claw.o(i.claw_put_block4)
    i.claw_put_block5                        0x08005484   Section        0  contral_claw.o(i.claw_put_block5)
    i.claw_put_champion                      0x080054d8   Section        0  contral_claw.o(i.claw_put_champion)
    i.claw_put_num3                          0x0800553c   Section        0  contral_claw.o(i.claw_put_num3)
    i.claw_put_runnerup                      0x080055a0   Section        0  contral_claw.o(i.claw_put_runnerup)
    i.claw_task2_reco                        0x08005604   Section        0  contral_claw.o(i.claw_task2_reco)
    i.claw_turn0                             0x08005628   Section        0  contral.o(i.claw_turn0)
    i.claw_turn1                             0x0800563c   Section        0  contral.o(i.claw_turn1)
    i.claw_turn2                             0x08005650   Section        0  contral.o(i.claw_turn2)
    i.claw_turn3                             0x08005664   Section        0  contral.o(i.claw_turn3)
    i.claw_turn4                             0x08005678   Section        0  contral.o(i.claw_turn4)
    i.claw_turn5                             0x0800568c   Section        0  contral.o(i.claw_turn5)
    i.contral_motor_Init                     0x080056a0   Section        0  contral.o(i.contral_motor_Init)
    i.delay_ms                               0x080056b4   Section        0  delay.o(i.delay_ms)
    i.delay_us                               0x080056cc   Section        0  delay.o(i.delay_us)
    i.determicro                             0x080056fc   Section        0  uart.o(i.determicro)
    i.fminf                                  0x08005764   Section        0  fminf.o(i.fminf)
    i.getClosestColor                        0x0800578c   Section        0  colorreco.o(i.getClosestColor)
    i.main                                   0x08005948   Section        0  main.o(i.main)
    i.max_Return                             0x08005afc   Section        0  contral.o(i.max_Return)
    i.sqrt                                   0x08005b26   Section        0  sqrt.o(i.sqrt)
    i.support_turn120                        0x08005b72   Section        0  contral.o(i.support_turn120)
    i.system_Init                            0x08005b84   Section        0  system_init.o(i.system_Init)
    i.u2_printf                              0x08005bb8   Section        0  uart.o(i.u2_printf)
    i.uart_handle                            0x08005c4c   Section        0  contral.o(i.uart_handle)
    .constdata                               0x0800667c   Section     2367  oled_data.o(.constdata)
    .data                                    0x20000000   Section        6  main.o(.data)
    .data                                    0x20000006   Section       20  stm32f10x_rcc.o(.data)
    APBAHBPrescTable                         0x20000006   Data          16  stm32f10x_rcc.o(.data)
    ADCPrescTable                            0x20000016   Data           4  stm32f10x_rcc.o(.data)
    .data                                    0x2000001c   Section       36  motor.o(.data)
    last_accel_delay                         0x2000001c   Data           4  motor.o(.data)
    step_count                               0x20000020   Data           4  motor.o(.data)
    rest                                     0x20000024   Data           4  motor.o(.data)
    last_accel_delay                         0x20000028   Data           4  motor.o(.data)
    step_count                               0x2000002c   Data           4  motor.o(.data)
    rest                                     0x20000030   Data           4  motor.o(.data)
    last_accel_delay                         0x20000034   Data           4  motor.o(.data)
    step_count                               0x20000038   Data           4  motor.o(.data)
    rest                                     0x2000003c   Data           4  motor.o(.data)
    .data                                    0x20000040   Section       36  uart.o(.data)
    RX1State                                 0x20000060   Data           1  uart.o(.data)
    pRx1Packet                               0x20000061   Data           1  uart.o(.data)
    Rx_Index                                 0x20000062   Data           1  uart.o(.data)
    state                                    0x20000063   Data           1  uart.o(.data)
    .data                                    0x20000064   Section       32  contral.o(.data)
    .data                                    0x20000084   Section        1  time_count.o(.data)
    flag                                     0x20000084   Data           1  time_count.o(.data)
    .data                                    0x20000086   Section        8  contral_claw.o(.data)
    .data                                    0x20000090   Section        8  colorreco.o(.data)
    .data                                    0x20000098   Section        4  errno.o(.data)
    _errno                                   0x20000098   Data           4  errno.o(.data)
    .bss                                     0x2000009c   Section      222  uart.o(.bss)
    Rx_Buffer                                0x2000016f   Data          11  uart.o(.bss)
    .bss                                     0x2000017c   Section       72  contral.o(.bss)
    .bss                                     0x200001c4   Section     1024  oled.o(.bss)
    STACK                                    0x200005c8   Section     1024  startup_stm32f10x_hd.o(STACK)

    Global Symbols

    Symbol Name                              Value     Ov Type        Size  Object(Section)

    BuildAttributes$$THM_ISAv4$P$D$K$B$S$PE$A:L22UL41UL21$X:L11$S22US41US21$IEEE1$IW$USESV6$~STKCKD$USESV7$~SHL$OTIME$ROPI$IEEEX$EBA8$MICROLIB$REQ8$PRES8$EABIv2 0x00000000   Number         0  anon$$obj.o ABSOLUTE
    __ARM_use_no_argv                        0x00000000   Number         0  main.o ABSOLUTE
    __cpp_initialize__aeabi_                  - Undefined Weak Reference
    __cxa_finalize                            - Undefined Weak Reference
    __decompress                              - Undefined Weak Reference
    _clock_init                               - Undefined Weak Reference
    _microlib_exit                            - Undefined Weak Reference
    __Vectors_Size                           0x00000130   Number         0  startup_stm32f10x_hd.o ABSOLUTE
    __Vectors                                0x08000000   Data           4  startup_stm32f10x_hd.o(RESET)
    __Vectors_End                            0x08000130   Data           0  startup_stm32f10x_hd.o(RESET)
    __main                                   0x08000131   Thumb Code     0  entry.o(.ARM.Collect$$$$00000000)
    _main_stk                                0x08000131   Thumb Code     0  entry2.o(.ARM.Collect$$$$00000001)
    _main_scatterload                        0x08000135   Thumb Code     0  entry5.o(.ARM.Collect$$$$00000004)
    __main_after_scatterload                 0x08000139   Thumb Code     0  entry5.o(.ARM.Collect$$$$00000004)
    _main_clock                              0x08000139   Thumb Code     0  entry7b.o(.ARM.Collect$$$$00000008)
    _main_cpp_init                           0x08000139   Thumb Code     0  entry8b.o(.ARM.Collect$$$$0000000A)
    _main_init                               0x08000139   Thumb Code     0  entry9a.o(.ARM.Collect$$$$0000000B)
    __rt_final_cpp                           0x08000141   Thumb Code     0  entry10a.o(.ARM.Collect$$$$0000000D)
    __rt_final_exit                          0x08000141   Thumb Code     0  entry11a.o(.ARM.Collect$$$$0000000F)
    Reset_Handler                            0x08000145   Thumb Code     8  startup_stm32f10x_hd.o(.text)
    ADC1_2_IRQHandler                        0x0800015f   Thumb Code     0  startup_stm32f10x_hd.o(.text)
    ADC3_IRQHandler                          0x0800015f   Thumb Code     0  startup_stm32f10x_hd.o(.text)
    CAN1_RX1_IRQHandler                      0x0800015f   Thumb Code     0  startup_stm32f10x_hd.o(.text)
    CAN1_SCE_IRQHandler                      0x0800015f   Thumb Code     0  startup_stm32f10x_hd.o(.text)
    DMA1_Channel1_IRQHandler                 0x0800015f   Thumb Code     0  startup_stm32f10x_hd.o(.text)
    DMA1_Channel2_IRQHandler                 0x0800015f   Thumb Code     0  startup_stm32f10x_hd.o(.text)
    DMA1_Channel3_IRQHandler                 0x0800015f   Thumb Code     0  startup_stm32f10x_hd.o(.text)
    DMA1_Channel5_IRQHandler                 0x0800015f   Thumb Code     0  startup_stm32f10x_hd.o(.text)
    DMA1_Channel6_IRQHandler                 0x0800015f   Thumb Code     0  startup_stm32f10x_hd.o(.text)
    DMA1_Channel7_IRQHandler                 0x0800015f   Thumb Code     0  startup_stm32f10x_hd.o(.text)
    DMA2_Channel1_IRQHandler                 0x0800015f   Thumb Code     0  startup_stm32f10x_hd.o(.text)
    DMA2_Channel2_IRQHandler                 0x0800015f   Thumb Code     0  startup_stm32f10x_hd.o(.text)
    DMA2_Channel3_IRQHandler                 0x0800015f   Thumb Code     0  startup_stm32f10x_hd.o(.text)
    DMA2_Channel4_5_IRQHandler               0x0800015f   Thumb Code     0  startup_stm32f10x_hd.o(.text)
    EXTI0_IRQHandler                         0x0800015f   Thumb Code     0  startup_stm32f10x_hd.o(.text)
    EXTI15_10_IRQHandler                     0x0800015f   Thumb Code     0  startup_stm32f10x_hd.o(.text)
    EXTI1_IRQHandler                         0x0800015f   Thumb Code     0  startup_stm32f10x_hd.o(.text)
    EXTI2_IRQHandler                         0x0800015f   Thumb Code     0  startup_stm32f10x_hd.o(.text)
    EXTI3_IRQHandler                         0x0800015f   Thumb Code     0  startup_stm32f10x_hd.o(.text)
    EXTI4_IRQHandler                         0x0800015f   Thumb Code     0  startup_stm32f10x_hd.o(.text)
    EXTI9_5_IRQHandler                       0x0800015f   Thumb Code     0  startup_stm32f10x_hd.o(.text)
    FLASH_IRQHandler                         0x0800015f   Thumb Code     0  startup_stm32f10x_hd.o(.text)
    FSMC_IRQHandler                          0x0800015f   Thumb Code     0  startup_stm32f10x_hd.o(.text)
    I2C1_ER_IRQHandler                       0x0800015f   Thumb Code     0  startup_stm32f10x_hd.o(.text)
    I2C1_EV_IRQHandler                       0x0800015f   Thumb Code     0  startup_stm32f10x_hd.o(.text)
    I2C2_ER_IRQHandler                       0x0800015f   Thumb Code     0  startup_stm32f10x_hd.o(.text)
    I2C2_EV_IRQHandler                       0x0800015f   Thumb Code     0  startup_stm32f10x_hd.o(.text)
    PVD_IRQHandler                           0x0800015f   Thumb Code     0  startup_stm32f10x_hd.o(.text)
    RCC_IRQHandler                           0x0800015f   Thumb Code     0  startup_stm32f10x_hd.o(.text)
    RTCAlarm_IRQHandler                      0x0800015f   Thumb Code     0  startup_stm32f10x_hd.o(.text)
    RTC_IRQHandler                           0x0800015f   Thumb Code     0  startup_stm32f10x_hd.o(.text)
    SDIO_IRQHandler                          0x0800015f   Thumb Code     0  startup_stm32f10x_hd.o(.text)
    SPI1_IRQHandler                          0x0800015f   Thumb Code     0  startup_stm32f10x_hd.o(.text)
    SPI2_IRQHandler                          0x0800015f   Thumb Code     0  startup_stm32f10x_hd.o(.text)
    SPI3_IRQHandler                          0x0800015f   Thumb Code     0  startup_stm32f10x_hd.o(.text)
    TAMPER_IRQHandler                        0x0800015f   Thumb Code     0  startup_stm32f10x_hd.o(.text)
    TIM1_BRK_IRQHandler                      0x0800015f   Thumb Code     0  startup_stm32f10x_hd.o(.text)
    TIM1_CC_IRQHandler                       0x0800015f   Thumb Code     0  startup_stm32f10x_hd.o(.text)
    TIM1_TRG_COM_IRQHandler                  0x0800015f   Thumb Code     0  startup_stm32f10x_hd.o(.text)
    TIM1_UP_IRQHandler                       0x0800015f   Thumb Code     0  startup_stm32f10x_hd.o(.text)
    TIM5_IRQHandler                          0x0800015f   Thumb Code     0  startup_stm32f10x_hd.o(.text)
    TIM7_IRQHandler                          0x0800015f   Thumb Code     0  startup_stm32f10x_hd.o(.text)
    TIM8_BRK_IRQHandler                      0x0800015f   Thumb Code     0  startup_stm32f10x_hd.o(.text)
    TIM8_CC_IRQHandler                       0x0800015f   Thumb Code     0  startup_stm32f10x_hd.o(.text)
    TIM8_TRG_COM_IRQHandler                  0x0800015f   Thumb Code     0  startup_stm32f10x_hd.o(.text)
    TIM8_UP_IRQHandler                       0x0800015f   Thumb Code     0  startup_stm32f10x_hd.o(.text)
    UART5_IRQHandler                         0x0800015f   Thumb Code     0  startup_stm32f10x_hd.o(.text)
    USART3_IRQHandler                        0x0800015f   Thumb Code     0  startup_stm32f10x_hd.o(.text)
    USBWakeUp_IRQHandler                     0x0800015f   Thumb Code     0  startup_stm32f10x_hd.o(.text)
    USB_HP_CAN1_TX_IRQHandler                0x0800015f   Thumb Code     0  startup_stm32f10x_hd.o(.text)
    USB_LP_CAN1_RX0_IRQHandler               0x0800015f   Thumb Code     0  startup_stm32f10x_hd.o(.text)
    WWDG_IRQHandler                          0x0800015f   Thumb Code     0  startup_stm32f10x_hd.o(.text)
    strlen                                   0x08000169   Thumb Code    14  strlen.o(.text)
    strcmp                                   0x08000177   Thumb Code    28  strcmp.o(.text)
    __aeabi_fadd                             0x08000193   Thumb Code   164  fadd.o(.text)
    __aeabi_fsub                             0x08000237   Thumb Code     6  fadd.o(.text)
    __aeabi_frsub                            0x0800023d   Thumb Code     6  fadd.o(.text)
    __aeabi_fmul                             0x08000243   Thumb Code   100  fmul.o(.text)
    __aeabi_fdiv                             0x080002a7   Thumb Code   124  fdiv.o(.text)
    __aeabi_dadd                             0x08000323   Thumb Code   322  dadd.o(.text)
    __aeabi_dsub                             0x08000465   Thumb Code     6  dadd.o(.text)
    __aeabi_drsub                            0x0800046b   Thumb Code     6  dadd.o(.text)
    __aeabi_dmul                             0x08000471   Thumb Code   228  dmul.o(.text)
    __aeabi_ddiv                             0x08000555   Thumb Code   222  ddiv.o(.text)
    __aeabi_i2f                              0x08000633   Thumb Code    18  fflti.o(.text)
    __aeabi_ui2f                             0x08000645   Thumb Code    10  ffltui.o(.text)
    __aeabi_i2d                              0x0800064f   Thumb Code    34  dflti.o(.text)
    __aeabi_ui2d                             0x08000671   Thumb Code    26  dfltui.o(.text)
    __aeabi_f2iz                             0x0800068b   Thumb Code    50  ffixi.o(.text)
    __aeabi_f2uiz                            0x080006bd   Thumb Code    40  ffixui.o(.text)
    __aeabi_d2iz                             0x080006e5   Thumb Code    62  dfixi.o(.text)
    __aeabi_d2uiz                            0x08000723   Thumb Code    50  dfixui.o(.text)
    __aeabi_f2d                              0x08000755   Thumb Code    38  f2d.o(.text)
    __aeabi_cdcmpeq                          0x0800077d   Thumb Code     0  cdcmple.o(.text)
    __aeabi_cdcmple                          0x0800077d   Thumb Code    48  cdcmple.o(.text)
    __aeabi_cdrcmple                         0x080007ad   Thumb Code    48  cdrcmple.o(.text)
    __aeabi_d2f                              0x080007dd   Thumb Code    56  d2f.o(.text)
    __aeabi_cfcmpeq                          0x08000815   Thumb Code     0  cfcmple.o(.text)
    __aeabi_cfcmple                          0x08000815   Thumb Code    20  cfcmple.o(.text)
    __aeabi_cfrcmple                         0x08000829   Thumb Code    20  cfrcmple.o(.text)
    __aeabi_uidiv                            0x0800083d   Thumb Code     0  uidiv.o(.text)
    __aeabi_uidivmod                         0x0800083d   Thumb Code    44  uidiv.o(.text)
    __aeabi_uldivmod                         0x08000869   Thumb Code    98  uldiv.o(.text)
    __aeabi_llsl                             0x080008cb   Thumb Code    30  llshl.o(.text)
    _ll_shift_l                              0x080008cb   Thumb Code     0  llshl.o(.text)
    __aeabi_llsr                             0x080008e9   Thumb Code    32  llushr.o(.text)
    _ll_ushift_r                             0x080008e9   Thumb Code     0  llushr.o(.text)
    __aeabi_lasr                             0x08000909   Thumb Code    36  llsshr.o(.text)
    _ll_sshift_r                             0x08000909   Thumb Code     0  llsshr.o(.text)
    __I$use$fp                               0x0800092d   Thumb Code     0  iusefp.o(.text)
    _float_round                             0x0800092d   Thumb Code    18  fepilogue.o(.text)
    _float_epilogue                          0x0800093f   Thumb Code    92  fepilogue.o(.text)
    _double_round                            0x0800099b   Thumb Code    30  depilogue.o(.text)
    _double_epilogue                         0x080009b9   Thumb Code   156  depilogue.o(.text)
    _dsqrt                                   0x08000a55   Thumb Code   162  dsqrt.o(.text)
    __aeabi_d2ulz                            0x08000af7   Thumb Code    48  dfixul.o(.text)
    __ARM_fcmp4                              0x08000b27   Thumb Code    54  fcmp4.o(.text)
    _fcmp4                                   0x08000b27   Thumb Code     0  fcmp4.o(.text)
    __scatterload                            0x08000b5d   Thumb Code    28  init.o(.text)
    __scatterload_rt2                        0x08000b5d   Thumb Code     0  init.o(.text)
    BusFault_Handler                         0x08000b81   Thumb Code     4  stm32f10x_it.o(i.BusFault_Handler)
    CalculateChecksum                        0x08000b85   Thumb Code    30  uart.o(i.CalculateChecksum)
    DIR1                                     0x08000ba5   Thumb Code    26  contral.o(i.DIR1)
    DIR2                                     0x08000bc5   Thumb Code    30  contral.o(i.DIR2)
    DIR3                                     0x08000be9   Thumb Code    30  contral.o(i.DIR3)
    DIR4                                     0x08000c0d   Thumb Code    26  contral.o(i.DIR4)
    DMA1_Channel4_IRQHandler                 0x08000c2d   Thumb Code    22  ws2812.o(i.DMA1_Channel4_IRQHandler)
    DMA_ClearITPendingBit                    0x08000c45   Thumb Code    18  stm32f10x_dma.o(i.DMA_ClearITPendingBit)
    DMA_GetITStatus                          0x08000c61   Thumb Code    36  stm32f10x_dma.o(i.DMA_GetITStatus)
    DebugMon_Handler                         0x08000c8d   Thumb Code     2  stm32f10x_it.o(i.DebugMon_Handler)
    GPIO_Init                                0x08000c8f   Thumb Code   278  stm32f10x_gpio.o(i.GPIO_Init)
    GPIO_PinRemapConfig                      0x08000da5   Thumb Code   138  stm32f10x_gpio.o(i.GPIO_PinRemapConfig)
    GPIO_ReadInputDataBit                    0x08000e35   Thumb Code    18  stm32f10x_gpio.o(i.GPIO_ReadInputDataBit)
    GPIO_ResetBits                           0x08000e47   Thumb Code     4  stm32f10x_gpio.o(i.GPIO_ResetBits)
    GPIO_SetBits                             0x08000e4b   Thumb Code     4  stm32f10x_gpio.o(i.GPIO_SetBits)
    GPIO_WriteBit                            0x08000e4f   Thumb Code    10  stm32f10x_gpio.o(i.GPIO_WriteBit)
    HardFault_Handler                        0x08000e59   Thumb Code     4  stm32f10x_it.o(i.HardFault_Handler)
    I2C_Delay                                0x08000e5d   Thumb Code    22  colorreco.o(i.I2C_Delay)
    I2C_GPIO_Init                            0x08000e75   Thumb Code    92  colorreco.o(i.I2C_GPIO_Init)
    I2C_ReadBit                              0x08000ed9   Thumb Code    52  colorreco.o(i.I2C_ReadBit)
    I2C_ReadByte                             0x08000f15   Thumb Code    44  colorreco.o(i.I2C_ReadByte)
    I2C_Read_Sensor                          0x08000f41   Thumb Code    68  colorreco.o(i.I2C_Read_Sensor)
    I2C_SendBit                              0x08000f85   Thumb Code    54  colorreco.o(i.I2C_SendBit)
    I2C_SendByte                             0x08000fc5   Thumb Code    32  colorreco.o(i.I2C_SendByte)
    I2C_Start                                0x08000fe5   Thumb Code    48  colorreco.o(i.I2C_Start)
    I2C_Stop                                 0x0800101d   Thumb Code    38  colorreco.o(i.I2C_Stop)
    KEY_Init                                 0x0800104d   Thumb Code    46  key.o(i.KEY_Init)
    Key_Get                                  0x08001081   Thumb Code    48  key.o(i.Key_Get)
    LED_Init                                 0x080010b5   Thumb Code   122  led.o(i.LED_Init)
    MOTOR1_Init                              0x08001139   Thumb Code   312  motor.o(i.MOTOR1_Init)
    MOTOR3_Init                              0x08001281   Thumb Code   300  motor.o(i.MOTOR3_Init)
    MOTOR4_Init                              0x080013bd   Thumb Code   302  motor.o(i.MOTOR4_Init)
    MOTOR7_Init                              0x080014fd   Thumb Code   314  motor.o(i.MOTOR7_Init)
    MOTOR8_Init                              0x0800164d   Thumb Code   304  motor.o(i.MOTOR8_Init)
    MOTOR_Align                              0x0800178d   Thumb Code   814  contral.o(i.MOTOR_Align)
    MOTOR_Angle                              0x08001acd   Thumb Code    40  contral.o(i.MOTOR_Angle)
    MOTOR_Angle_micro                        0x08001af9   Thumb Code    56  contral.o(i.MOTOR_Angle_micro)
    MOTOR_Direction                          0x08001b39   Thumb Code   124  contral.o(i.MOTOR_Direction)
    MOTOR_Displacement                       0x08001bb5   Thumb Code    52  contral.o(i.MOTOR_Displacement)
    MOTOR_Displacement_fm                    0x08001bed   Thumb Code    80  contral.o(i.MOTOR_Displacement_fm)
    MOTOR_Displacement_mm                    0x08001c49   Thumb Code    60  contral.o(i.MOTOR_Displacement_mm)
    MOTOR_TURN                               0x08001c89   Thumb Code    64  contral.o(i.MOTOR_TURN)
    MSD_Move                                 0x08001cc9   Thumb Code   406  contral.o(i.MSD_Move)
    MSD_Move1                                0x08001e79   Thumb Code   374  contral.o(i.MSD_Move1)
    MSD_Move2                                0x08002005   Thumb Code   374  contral.o(i.MSD_Move2)
    MSD_StepCounter                          0x08002195   Thumb Code    28  contral.o(i.MSD_StepCounter)
    MSD_StepCounter1                         0x080021b5   Thumb Code    28  contral.o(i.MSD_StepCounter1)
    MSD_StepCounter2                         0x080021d5   Thumb Code    28  contral.o(i.MSD_StepCounter2)
    MemManage_Handler                        0x080021f5   Thumb Code     4  stm32f10x_it.o(i.MemManage_Handler)
    Motor1_DIR                               0x080021f9   Thumb Code    26  contral.o(i.Motor1_DIR)
    NMI_Handler                              0x08002219   Thumb Code     2  stm32f10x_it.o(i.NMI_Handler)
    NVIC_Init                                0x0800221d   Thumb Code   100  misc.o(i.NVIC_Init)
    NVIC_PriorityGroupConfig                 0x0800228d   Thumb Code    10  misc.o(i.NVIC_PriorityGroupConfig)
    OLED_Clear                               0x080022a1   Thumb Code    36  oled.o(i.OLED_Clear)
    OLED_ClearArea                           0x080022c9   Thumb Code   140  oled.o(i.OLED_ClearArea)
    OLED_GPIO_Init                           0x08002359   Thumb Code    88  oled.o(i.OLED_GPIO_Init)
    OLED_I2C_SendByte                        0x080023b5   Thumb Code    62  oled.o(i.OLED_I2C_SendByte)
    OLED_I2C_Start                           0x080023f3   Thumb Code    28  oled.o(i.OLED_I2C_Start)
    OLED_I2C_Stop                            0x0800240f   Thumb Code    22  oled.o(i.OLED_I2C_Stop)
    OLED_Init                                0x08002425   Thumb Code   154  oled.o(i.OLED_Init)
    OLED_Pow                                 0x080024bf   Thumb Code    20  oled.o(i.OLED_Pow)
    OLED_Printf                              0x080024d3   Thumb Code    50  oled.o(i.OLED_Printf)
    OLED_SetCursor                           0x08002505   Thumb Code    34  oled.o(i.OLED_SetCursor)
    OLED_ShowChar                            0x08002529   Thumb Code    74  oled.o(i.OLED_ShowChar)
    OLED_ShowHexNum                          0x0800257d   Thumb Code    96  oled.o(i.OLED_ShowHexNum)
    OLED_ShowImage                           0x080025dd   Thumb Code   248  oled.o(i.OLED_ShowImage)
    OLED_ShowSignedNum                       0x080026d9   Thumb Code   112  oled.o(i.OLED_ShowSignedNum)
    OLED_ShowString                          0x08002749   Thumb Code   262  oled.o(i.OLED_ShowString)
    OLED_Update                              0x08002859   Thumb Code    36  oled.o(i.OLED_Update)
    OLED_W_SCL                               0x08002881   Thumb Code    22  oled.o(i.OLED_W_SCL)
    OLED_W_SDA                               0x0800289d   Thumb Code    22  oled.o(i.OLED_W_SDA)
    OLED_WriteCommand                        0x080028b9   Thumb Code    32  oled.o(i.OLED_WriteCommand)
    OLED_WriteData                           0x080028d9   Thumb Code    46  oled.o(i.OLED_WriteData)
    ParseData                                0x08002909   Thumb Code   288  uart.o(i.ParseData)
    PendSV_Handler                           0x08002a45   Thumb Code     2  stm32f10x_it.o(i.PendSV_Handler)
    RCC_APB1PeriphClockCmd                   0x08002a49   Thumb Code    26  stm32f10x_rcc.o(i.RCC_APB1PeriphClockCmd)
    RCC_APB2PeriphClockCmd                   0x08002a69   Thumb Code    26  stm32f10x_rcc.o(i.RCC_APB2PeriphClockCmd)
    RCC_GetClocksFreq                        0x08002a89   Thumb Code   192  stm32f10x_rcc.o(i.RCC_GetClocksFreq)
    ResetAng_Z                               0x08002b5d   Thumb Code    40  uart.o(i.ResetAng_Z)
    SERVO1_CONTRAL                           0x08002b85   Thumb Code    60  servo.o(i.SERVO1_CONTRAL)
    SERVO2_CONTRAL                           0x08002bd1   Thumb Code    60  servo.o(i.SERVO2_CONTRAL)
    SERVO3_CONTRAL                           0x08002c1d   Thumb Code    60  servo.o(i.SERVO3_CONTRAL)
    SERVO4_CONTRAL                           0x08002c69   Thumb Code    60  servo.o(i.SERVO4_CONTRAL)
    SVC_Handler                              0x08002cb5   Thumb Code     2  stm32f10x_it.o(i.SVC_Handler)
    Serial1_GetRxFlag                        0x08002cb9   Thumb Code    22  uart.o(i.Serial1_GetRxFlag)
    Servo1_Init                              0x08002cd5   Thumb Code   150  servo.o(i.Servo1_Init)
    Servo2_Init                              0x08002d75   Thumb Code   150  servo.o(i.Servo2_Init)
    Servo3_Init                              0x08002e15   Thumb Code   150  servo.o(i.Servo3_Init)
    Servo4_Init                              0x08002eb5   Thumb Code   160  servo.o(i.Servo4_Init)
    Servo_SetAngle14                         0x08002f5d   Thumb Code    68  contral.o(i.Servo_SetAngle14)
    Servo_Stretch                            0x08002fa9   Thumb Code    14  contral.o(i.Servo_Stretch)
    Servo_default                            0x08002fb7   Thumb Code    14  contral.o(i.Servo_default)
    SysTick_Handler                          0x080030ad   Thumb Code     2  stm32f10x_it.o(i.SysTick_Handler)
    SystemInit                               0x080030b1   Thumb Code    78  system_stm32f10x.o(i.SystemInit)
    TIM2_IRQHandler                          0x08003111   Thumb Code   524  motor.o(i.TIM2_IRQHandler)
    TIM3_IRQHandler                          0x08003331   Thumb Code   550  motor.o(i.TIM3_IRQHandler)
    TIM4_IRQHandler                          0x0800356d   Thumb Code   524  motor.o(i.TIM4_IRQHandler)
    TIM6_COUNT_Init                          0x0800378d   Thumb Code   100  time_count.o(i.TIM6_COUNT_Init)
    TIM6_IRQHandler                          0x080037f5   Thumb Code    38  time_count.o(i.TIM6_IRQHandler)
    TIM_ARRPreloadConfig                     0x08003825   Thumb Code    24  stm32f10x_tim.o(i.TIM_ARRPreloadConfig)
    TIM_ClearITPendingBit                    0x0800383d   Thumb Code     6  stm32f10x_tim.o(i.TIM_ClearITPendingBit)
    TIM_Cmd                                  0x08003843   Thumb Code    24  stm32f10x_tim.o(i.TIM_Cmd)
    TIM_CtrlPWMOutputs                       0x0800385b   Thumb Code    30  stm32f10x_tim.o(i.TIM_CtrlPWMOutputs)
    TIM_GetITStatus                          0x08003879   Thumb Code    34  stm32f10x_tim.o(i.TIM_GetITStatus)
    TIM_ITConfig                             0x0800389b   Thumb Code    18  stm32f10x_tim.o(i.TIM_ITConfig)
    TIM_OC1Init                              0x080038ad   Thumb Code   132  stm32f10x_tim.o(i.TIM_OC1Init)
    TIM_OC1PreloadConfig                     0x08003945   Thumb Code    18  stm32f10x_tim.o(i.TIM_OC1PreloadConfig)
    TIM_OC2Init                              0x08003959   Thumb Code   154  stm32f10x_tim.o(i.TIM_OC2Init)
    TIM_OC2PreloadConfig                     0x080039fd   Thumb Code    26  stm32f10x_tim.o(i.TIM_OC2PreloadConfig)
    TIM_OC3Init                              0x08003a19   Thumb Code   150  stm32f10x_tim.o(i.TIM_OC3Init)
    TIM_OC3PreloadConfig                     0x08003ab9   Thumb Code    18  stm32f10x_tim.o(i.TIM_OC3PreloadConfig)
    TIM_OC4Init                              0x08003acd   Thumb Code   114  stm32f10x_tim.o(i.TIM_OC4Init)
    TIM_OC4PreloadConfig                     0x08003b49   Thumb Code    26  stm32f10x_tim.o(i.TIM_OC4PreloadConfig)
    TIM_OCStructInit                         0x08003b63   Thumb Code    20  stm32f10x_tim.o(i.TIM_OCStructInit)
    TIM_SetAutoreload                        0x08003b77   Thumb Code     4  stm32f10x_tim.o(i.TIM_SetAutoreload)
    TIM_SetCompare1                          0x08003b7b   Thumb Code     4  stm32f10x_tim.o(i.TIM_SetCompare1)
    TIM_SetCompare2                          0x08003b7f   Thumb Code     4  stm32f10x_tim.o(i.TIM_SetCompare2)
    TIM_SetCompare3                          0x08003b83   Thumb Code     4  stm32f10x_tim.o(i.TIM_SetCompare3)
    TIM_SetCompare4                          0x08003b87   Thumb Code     6  stm32f10x_tim.o(i.TIM_SetCompare4)
    TIM_TimeBaseInit                         0x08003b8d   Thumb Code   122  stm32f10x_tim.o(i.TIM_TimeBaseInit)
    TIM_TimeBaseStructInit                   0x08003c31   Thumb Code    18  stm32f10x_tim.o(i.TIM_TimeBaseStructInit)
    TIM_UpdateRequestConfig                  0x08003c43   Thumb Code    24  stm32f10x_tim.o(i.TIM_UpdateRequestConfig)
    UART1_Init                               0x08003c5d   Thumb Code   160  uart.o(i.UART1_Init)
    UART2_Init                               0x08003d05   Thumb Code   172  uart.o(i.UART2_Init)
    UART4_IRQHandler                         0x08003db9   Thumb Code   166  uart.o(i.UART4_IRQHandler)
    UART4_Init                               0x08003e71   Thumb Code   164  uart.o(i.UART4_Init)
    UART_SendPacket2UP                       0x08003f1d   Thumb Code    24  uart.o(i.UART_SendPacket2UP)
    USART1_IRQHandler                        0x08003f35   Thumb Code   128  uart.o(i.USART1_IRQHandler)
    USART1_SendBits                          0x08003fc9   Thumb Code    26  uart.o(i.USART1_SendBits)
    USART2_IRQHandler                        0x08003fe9   Thumb Code    48  uart.o(i.USART2_IRQHandler)
    USART_ClearITPendingBit                  0x08004021   Thumb Code    30  stm32f10x_usart.o(i.USART_ClearITPendingBit)
    USART_Cmd                                0x0800403f   Thumb Code    24  stm32f10x_usart.o(i.USART_Cmd)
    USART_GetFlagStatus                      0x08004057   Thumb Code    26  stm32f10x_usart.o(i.USART_GetFlagStatus)
    USART_GetITStatus                        0x08004071   Thumb Code    84  stm32f10x_usart.o(i.USART_GetITStatus)
    USART_ITConfig                           0x080040c5   Thumb Code    74  stm32f10x_usart.o(i.USART_ITConfig)
    USART_Init                               0x08004111   Thumb Code   210  stm32f10x_usart.o(i.USART_Init)
    USART_ReceiveData                        0x080041e9   Thumb Code    10  stm32f10x_usart.o(i.USART_ReceiveData)
    USART_SendData                           0x080041f3   Thumb Code     8  stm32f10x_usart.o(i.USART_SendData)
    Uart4_SendByte                           0x080041fd   Thumb Code    26  uart.o(i.Uart4_SendByte)
    UsageFault_Handler                       0x0800421d   Thumb Code     4  stm32f10x_it.o(i.UsageFault_Handler)
    __0vsprintf                              0x08004221   Thumb Code    30  printfa.o(i.__0vsprintf)
    __1vsprintf                              0x08004221   Thumb Code     0  printfa.o(i.__0vsprintf)
    __2vsprintf                              0x08004221   Thumb Code     0  printfa.o(i.__0vsprintf)
    __c89vsprintf                            0x08004221   Thumb Code     0  printfa.o(i.__0vsprintf)
    vsprintf                                 0x08004221   Thumb Code     0  printfa.o(i.__0vsprintf)
    __scatterload_copy                       0x08004245   Thumb Code    14  handlers.o(i.__scatterload_copy)
    __scatterload_null                       0x08004253   Thumb Code     2  handlers.o(i.__scatterload_null)
    __scatterload_zeroinit                   0x08004255   Thumb Code    14  handlers.o(i.__scatterload_zeroinit)
    __set_errno                              0x08004265   Thumb Code     6  errno.o(i.__set_errno)
    abs_int                                  0x08004b2d   Thumb Code    16  contral.o(i.abs_int)
    adjust_float                             0x08004b3d   Thumb Code    30  contral.o(i.adjust_float)
    arrive_block2_get                        0x08004b5d   Thumb Code    32  contral_claw.o(i.arrive_block2_get)
    arrive_block2_put                        0x08004b81   Thumb Code    32  contral_claw.o(i.arrive_block2_put)
    arrive_block_get                         0x08004ba5   Thumb Code    32  contral_claw.o(i.arrive_block_get)
    arrive_block_get1                        0x08004bc9   Thumb Code    36  contral_claw.o(i.arrive_block_get1)
    arrive_block_put                         0x08004bf5   Thumb Code    32  contral_claw.o(i.arrive_block_put)
    arrive_block_put_champion                0x08004c19   Thumb Code    32  contral_claw.o(i.arrive_block_put_champion)
    arrive_block_put_num3                    0x08004c3d   Thumb Code    32  contral_claw.o(i.arrive_block_put_num3)
    arrive_block_put_runnerup                0x08004c61   Thumb Code    32  contral_claw.o(i.arrive_block_put_runnerup)
    arrive_camera                            0x08004c85   Thumb Code    32  contral_claw.o(i.arrive_camera)
    arrive_car2_put                          0x08004ca9   Thumb Code    32  contral_claw.o(i.arrive_car2_put)
    arrive_car_get                           0x08004ccd   Thumb Code    32  contral_claw.o(i.arrive_car_get)
    arrive_car_get2                          0x08004cf1   Thumb Code    32  contral_claw.o(i.arrive_car_get2)
    arrive_car_put                           0x08004d15   Thumb Code    32  contral_claw.o(i.arrive_car_put)
    arrive_circle_capture                    0x08004d39   Thumb Code    32  contral_claw.o(i.arrive_circle_capture)
    arrive_circle_capture2                   0x08004d5d   Thumb Code    32  contral_claw.o(i.arrive_circle_capture2)
    arrive_color_reco                        0x08004d81   Thumb Code    32  contral_claw.o(i.arrive_color_reco)
    arrive_most_down                         0x08004da5   Thumb Code    32  contral_claw.o(i.arrive_most_down)
    arrive_most_up                           0x08004dc9   Thumb Code    34  contral_claw.o(i.arrive_most_up)
    arrive_put_down2                         0x08004df1   Thumb Code    32  contral_claw.o(i.arrive_put_down2)
    claw_Init                                0x08004e15   Thumb Code    46  contral.o(i.claw_Init)
    claw_close                               0x08004e49   Thumb Code    38  contral.o(i.claw_close)
    claw_close2                              0x08004e75   Thumb Code    38  contral.o(i.claw_close2)
    claw_get2_block1                         0x08004ea1   Thumb Code    94  contral_claw.o(i.claw_get2_block1)
    claw_get2_block2                         0x08004eff   Thumb Code   122  contral_claw.o(i.claw_get2_block2)
    claw_get2_block3                         0x08004f79   Thumb Code   122  contral_claw.o(i.claw_get2_block3)
    claw_get_block1                          0x08004ff3   Thumb Code    96  contral_claw.o(i.claw_get_block1)
    claw_get_block2                          0x08005053   Thumb Code    96  contral_claw.o(i.claw_get_block2)
    claw_get_block3                          0x080050b3   Thumb Code    96  contral_claw.o(i.claw_get_block3)
    claw_get_block4                          0x08005113   Thumb Code    96  contral_claw.o(i.claw_get_block4)
    claw_get_block5                          0x08005173   Thumb Code    96  contral_claw.o(i.claw_get_block5)
    claw_home                                0x080051d3   Thumb Code    34  contral_claw.o(i.claw_home)
    claw_open                                0x080051f5   Thumb Code    38  contral.o(i.claw_open)
    claw_open1                               0x08005221   Thumb Code    38  contral.o(i.claw_open1)
    claw_position                            0x0800524d   Thumb Code   122  contral_claw.o(i.claw_position)
    claw_put2_block                          0x080052d5   Thumb Code    90  contral_claw.o(i.claw_put2_block)
    claw_put_block1                          0x0800532f   Thumb Code    86  contral_claw.o(i.claw_put_block1)
    claw_put_block2                          0x08005385   Thumb Code    86  contral_claw.o(i.claw_put_block2)
    claw_put_block3                          0x080053db   Thumb Code    86  contral_claw.o(i.claw_put_block3)
    claw_put_block4                          0x08005431   Thumb Code    84  contral_claw.o(i.claw_put_block4)
    claw_put_block5                          0x08005485   Thumb Code    84  contral_claw.o(i.claw_put_block5)
    claw_put_champion                        0x080054d9   Thumb Code   100  contral_claw.o(i.claw_put_champion)
    claw_put_num3                            0x0800553d   Thumb Code   100  contral_claw.o(i.claw_put_num3)
    claw_put_runnerup                        0x080055a1   Thumb Code   100  contral_claw.o(i.claw_put_runnerup)
    claw_task2_reco                          0x08005605   Thumb Code    36  contral_claw.o(i.claw_task2_reco)
    claw_turn0                               0x08005629   Thumb Code    16  contral.o(i.claw_turn0)
    claw_turn1                               0x0800563d   Thumb Code    16  contral.o(i.claw_turn1)
    claw_turn2                               0x08005651   Thumb Code    16  contral.o(i.claw_turn2)
    claw_turn3                               0x08005665   Thumb Code    16  contral.o(i.claw_turn3)
    claw_turn4                               0x08005679   Thumb Code    16  contral.o(i.claw_turn4)
    claw_turn5                               0x0800568d   Thumb Code    16  contral.o(i.claw_turn5)
    contral_motor_Init                       0x080056a1   Thumb Code    20  contral.o(i.contral_motor_Init)
    delay_ms                                 0x080056b5   Thumb Code    24  delay.o(i.delay_ms)
    delay_us                                 0x080056cd   Thumb Code    46  delay.o(i.delay_us)
    determicro                               0x080056fd   Thumb Code    90  uart.o(i.determicro)
    fminf                                    0x08005765   Thumb Code    40  fminf.o(i.fminf)
    getClosestColor                          0x0800578d   Thumb Code   420  colorreco.o(i.getClosestColor)
    main                                     0x08005949   Thumb Code   376  main.o(i.main)
    max_Return                               0x08005afd   Thumb Code    42  contral.o(i.max_Return)
    sqrt                                     0x08005b27   Thumb Code    76  sqrt.o(i.sqrt)
    support_turn120                          0x08005b73   Thumb Code    18  contral.o(i.support_turn120)
    system_Init                              0x08005b85   Thumb Code    50  system_init.o(i.system_Init)
    u2_printf                                0x08005bb9   Thumb Code   138  uart.o(i.u2_printf)
    uart_handle                              0x08005c4d   Thumb Code  2574  contral.o(i.uart_handle)
    OLED_F8x16                               0x0800667c   Data        1520  oled_data.o(.constdata)
    OLED_F6x8                                0x08006c6c   Data         570  oled_data.o(.constdata)
    OLED_CF16x16                             0x08006ea6   Data         245  oled_data.o(.constdata)
    Diode                                    0x08006f9b   Data          32  oled_data.o(.constdata)
    Region$$Table$$Base                      0x08006fbc   Number         0  anon$$obj.o(Region$$Table)
    Region$$Table$$Limit                     0x08006fdc   Number         0  anon$$obj.o(Region$$Table)
    base_angle                               0x20000000   Data           2  main.o(.data)
    code1                                    0x20000002   Data           2  main.o(.data)
    code2                                    0x20000004   Data           2  main.o(.data)
    Serial_Flag                              0x20000040   Data           1  uart.o(.data)
    Serial_Flag2                             0x20000041   Data           1  uart.o(.data)
    Serial_Flag5                             0x20000042   Data           1  uart.o(.data)
    Serial_TXPacket                          0x20000043   Data           3  uart.o(.data)
    Serial_RXPacket                          0x20000046   Data           8  uart.o(.data)
    global_angle                             0x20000050   Data           4  uart.o(.data)
    new_data_received                        0x20000054   Data           1  uart.o(.data)
    angular_velocity_y                       0x20000058   Data           4  uart.o(.data)
    angular_velocity_z                       0x2000005c   Data           4  uart.o(.data)
    servo_angle1                             0x20000064   Data           1  contral.o(.data)
    servo_angle2                             0x20000065   Data           1  contral.o(.data)
    servo_angle3                             0x20000066   Data           2  contral.o(.data)
    servo_angle4                             0x20000068   Data           1  contral.o(.data)
    stepPosition                             0x2000006c   Data           4  contral.o(.data)
    stepPosition1                            0x20000070   Data           4  contral.o(.data)
    stepPosition2                            0x20000074   Data           4  contral.o(.data)
    distance                                 0x20000078   Data           4  contral.o(.data)
    angle_temp                               0x2000007c   Data           2  contral.o(.data)
    distance1                                0x20000080   Data           4  contral.o(.data)
    claw                                     0x20000086   Data           6  contral_claw.o(.data)
    claw_block_get1                          0x2000008c   Data           2  contral_claw.o(.data)
    color_value                              0x20000090   Data           3  colorreco.o(.data)
    color                                    0x20000094   Data           4  colorreco.o(.data)
    UART5_RX_BUF                             0x2000009c   Data         100  uart.o(.bss)
    USART2_TX_BUF                            0x20000100   Data         100  uart.o(.bss)
    received_data_packet                     0x20000164   Data          11  uart.o(.bss)
    srd                                      0x2000017c   Data          24  contral.o(.bss)
    srd1                                     0x20000194   Data          24  contral.o(.bss)
    srd2                                     0x200001ac   Data          24  contral.o(.bss)
    OLED_DisplayBuf                          0x200001c4   Data        1024  oled.o(.bss)
    __initial_sp                             0x200009c8   Data           0  startup_stm32f10x_hd.o(STACK)



==============================================================================

Memory Map of the image

  Image Entry point : 0x08000145

  Load Region LR_1 (Base: 0x08000000, Size: 0x00007078, Max: 0xffffffff, ABSOLUTE)

    Execution Region ER_RO (Exec base: 0x08000000, Load base: 0x08000000, Size: 0x00006fdc, Max: 0xffffffff, ABSOLUTE)

    Exec Addr    Load Addr    Size         Type   Attr      Idx    E Section Name        Object

    0x08000000   0x08000000   0x00000130   Data   RO          454    RESET               startup_stm32f10x_hd.o
    0x08000130   0x08000130   0x00000000   Code   RO         4839  * .ARM.Collect$$$$00000000  mc_w.l(entry.o)
    0x08000130   0x08000130   0x00000004   Code   RO         4939    .ARM.Collect$$$$00000001  mc_w.l(entry2.o)
    0x08000134   0x08000134   0x00000004   Code   RO         4942    .ARM.Collect$$$$00000004  mc_w.l(entry5.o)
    0x08000138   0x08000138   0x00000000   Code   RO         4944    .ARM.Collect$$$$00000008  mc_w.l(entry7b.o)
    0x08000138   0x08000138   0x00000000   Code   RO         4946    .ARM.Collect$$$$0000000A  mc_w.l(entry8b.o)
    0x08000138   0x08000138   0x00000008   Code   RO         4947    .ARM.Collect$$$$0000000B  mc_w.l(entry9a.o)
    0x08000140   0x08000140   0x00000000   Code   RO         4949    .ARM.Collect$$$$0000000D  mc_w.l(entry10a.o)
    0x08000140   0x08000140   0x00000000   Code   RO         4951    .ARM.Collect$$$$0000000F  mc_w.l(entry11a.o)
    0x08000140   0x08000140   0x00000004   Code   RO         4940    .ARM.Collect$$$$00002712  mc_w.l(entry2.o)
    0x08000144   0x08000144   0x00000024   Code   RO          455  * .text               startup_stm32f10x_hd.o
    0x08000168   0x08000168   0x0000000e   Code   RO         4842    .text               mc_w.l(strlen.o)
    0x08000176   0x08000176   0x0000001c   Code   RO         4844    .text               mc_w.l(strcmp.o)
    0x08000192   0x08000192   0x000000b0   Code   RO         4874    .text               mf_w.l(fadd.o)
    0x08000242   0x08000242   0x00000064   Code   RO         4876    .text               mf_w.l(fmul.o)
    0x080002a6   0x080002a6   0x0000007c   Code   RO         4878    .text               mf_w.l(fdiv.o)
    0x08000322   0x08000322   0x0000014e   Code   RO         4880    .text               mf_w.l(dadd.o)
    0x08000470   0x08000470   0x000000e4   Code   RO         4882    .text               mf_w.l(dmul.o)
    0x08000554   0x08000554   0x000000de   Code   RO         4884    .text               mf_w.l(ddiv.o)
    0x08000632   0x08000632   0x00000012   Code   RO         4886    .text               mf_w.l(fflti.o)
    0x08000644   0x08000644   0x0000000a   Code   RO         4888    .text               mf_w.l(ffltui.o)
    0x0800064e   0x0800064e   0x00000022   Code   RO         4890    .text               mf_w.l(dflti.o)
    0x08000670   0x08000670   0x0000001a   Code   RO         4892    .text               mf_w.l(dfltui.o)
    0x0800068a   0x0800068a   0x00000032   Code   RO         4894    .text               mf_w.l(ffixi.o)
    0x080006bc   0x080006bc   0x00000028   Code   RO         4896    .text               mf_w.l(ffixui.o)
    0x080006e4   0x080006e4   0x0000003e   Code   RO         4898    .text               mf_w.l(dfixi.o)
    0x08000722   0x08000722   0x00000032   Code   RO         4900    .text               mf_w.l(dfixui.o)
    0x08000754   0x08000754   0x00000026   Code   RO         4902    .text               mf_w.l(f2d.o)
    0x0800077a   0x0800077a   0x00000002   PAD
    0x0800077c   0x0800077c   0x00000030   Code   RO         4904    .text               mf_w.l(cdcmple.o)
    0x080007ac   0x080007ac   0x00000030   Code   RO         4906    .text               mf_w.l(cdrcmple.o)
    0x080007dc   0x080007dc   0x00000038   Code   RO         4908    .text               mf_w.l(d2f.o)
    0x08000814   0x08000814   0x00000014   Code   RO         4910    .text               mf_w.l(cfcmple.o)
    0x08000828   0x08000828   0x00000014   Code   RO         4912    .text               mf_w.l(cfrcmple.o)
    0x0800083c   0x0800083c   0x0000002c   Code   RO         4954    .text               mc_w.l(uidiv.o)
    0x08000868   0x08000868   0x00000062   Code   RO         4956    .text               mc_w.l(uldiv.o)
    0x080008ca   0x080008ca   0x0000001e   Code   RO         4958    .text               mc_w.l(llshl.o)
    0x080008e8   0x080008e8   0x00000020   Code   RO         4960    .text               mc_w.l(llushr.o)
    0x08000908   0x08000908   0x00000024   Code   RO         4962    .text               mc_w.l(llsshr.o)
    0x0800092c   0x0800092c   0x00000000   Code   RO         4971    .text               mc_w.l(iusefp.o)
    0x0800092c   0x0800092c   0x0000006e   Code   RO         4972    .text               mf_w.l(fepilogue.o)
    0x0800099a   0x0800099a   0x000000ba   Code   RO         4974    .text               mf_w.l(depilogue.o)
    0x08000a54   0x08000a54   0x000000a2   Code   RO         4976    .text               mf_w.l(dsqrt.o)
    0x08000af6   0x08000af6   0x00000030   Code   RO         4980    .text               mf_w.l(dfixul.o)
    0x08000b26   0x08000b26   0x00000036   Code   RO         4982    .text               mf_w.l(fcmp4.o)
    0x08000b5c   0x08000b5c   0x00000024   Code   RO         4988    .text               mc_w.l(init.o)
    0x08000b80   0x08000b80   0x00000004   Code   RO          171    i.BusFault_Handler  stm32f10x_it.o
    0x08000b84   0x08000b84   0x0000001e   Code   RO         3582    i.CalculateChecksum  uart.o
    0x08000ba2   0x08000ba2   0x00000002   PAD
    0x08000ba4   0x08000ba4   0x00000020   Code   RO         3782    i.DIR1              contral.o
    0x08000bc4   0x08000bc4   0x00000024   Code   RO         3783    i.DIR2              contral.o
    0x08000be8   0x08000be8   0x00000024   Code   RO         3784    i.DIR3              contral.o
    0x08000c0c   0x08000c0c   0x00000020   Code   RO         3785    i.DIR4              contral.o
    0x08000c2c   0x08000c2c   0x00000016   Code   RO         4445    i.DMA1_Channel4_IRQHandler  ws2812.o
    0x08000c42   0x08000c42   0x00000002   PAD
    0x08000c44   0x08000c44   0x0000001c   Code   RO         1185    i.DMA_ClearITPendingBit  stm32f10x_dma.o
    0x08000c60   0x08000c60   0x0000002c   Code   RO         1190    i.DMA_GetITStatus   stm32f10x_dma.o
    0x08000c8c   0x08000c8c   0x00000002   Code   RO          172    i.DebugMon_Handler  stm32f10x_it.o
    0x08000c8e   0x08000c8e   0x00000116   Code   RO         1610    i.GPIO_Init         stm32f10x_gpio.o
    0x08000da4   0x08000da4   0x00000090   Code   RO         1612    i.GPIO_PinRemapConfig  stm32f10x_gpio.o
    0x08000e34   0x08000e34   0x00000012   Code   RO         1614    i.GPIO_ReadInputDataBit  stm32f10x_gpio.o
    0x08000e46   0x08000e46   0x00000004   Code   RO         1617    i.GPIO_ResetBits    stm32f10x_gpio.o
    0x08000e4a   0x08000e4a   0x00000004   Code   RO         1618    i.GPIO_SetBits      stm32f10x_gpio.o
    0x08000e4e   0x08000e4e   0x0000000a   Code   RO         1621    i.GPIO_WriteBit     stm32f10x_gpio.o
    0x08000e58   0x08000e58   0x00000004   Code   RO          173    i.HardFault_Handler  stm32f10x_it.o
    0x08000e5c   0x08000e5c   0x00000016   Code   RO         4734    i.I2C_Delay         colorreco.o
    0x08000e72   0x08000e72   0x00000002   PAD
    0x08000e74   0x08000e74   0x00000064   Code   RO         4735    i.I2C_GPIO_Init     colorreco.o
    0x08000ed8   0x08000ed8   0x0000003c   Code   RO         4736    i.I2C_ReadBit       colorreco.o
    0x08000f14   0x08000f14   0x0000002c   Code   RO         4737    i.I2C_ReadByte      colorreco.o
    0x08000f40   0x08000f40   0x00000044   Code   RO         4738    i.I2C_Read_Sensor   colorreco.o
    0x08000f84   0x08000f84   0x00000040   Code   RO         4739    i.I2C_SendBit       colorreco.o
    0x08000fc4   0x08000fc4   0x00000020   Code   RO         4740    i.I2C_SendByte      colorreco.o
    0x08000fe4   0x08000fe4   0x00000038   Code   RO         4741    i.I2C_Start         colorreco.o
    0x0800101c   0x0800101c   0x00000030   Code   RO         4742    i.I2C_Stop          colorreco.o
    0x0800104c   0x0800104c   0x00000034   Code   RO         3564    i.KEY_Init          key.o
    0x08001080   0x08001080   0x00000034   Code   RO         3565    i.Key_Get           key.o
    0x080010b4   0x080010b4   0x00000084   Code   RO         3546    i.LED_Init          led.o
    0x08001138   0x08001138   0x00000148   Code   RO         3426    i.MOTOR1_Init       motor.o
    0x08001280   0x08001280   0x0000013c   Code   RO         3428    i.MOTOR3_Init       motor.o
    0x080013bc   0x080013bc   0x00000140   Code   RO         3429    i.MOTOR4_Init       motor.o
    0x080014fc   0x080014fc   0x00000150   Code   RO         3432    i.MOTOR7_Init       motor.o
    0x0800164c   0x0800164c   0x00000140   Code   RO         3433    i.MOTOR8_Init       motor.o
    0x0800178c   0x0800178c   0x00000340   Code   RO         3786    i.MOTOR_Align       contral.o
    0x08001acc   0x08001acc   0x0000002c   Code   RO         3787    i.MOTOR_Angle       contral.o
    0x08001af8   0x08001af8   0x00000040   Code   RO         3788    i.MOTOR_Angle_micro  contral.o
    0x08001b38   0x08001b38   0x0000007c   Code   RO         3789    i.MOTOR_Direction   contral.o
    0x08001bb4   0x08001bb4   0x00000038   Code   RO         3790    i.MOTOR_Displacement  contral.o
    0x08001bec   0x08001bec   0x0000005c   Code   RO         3791    i.MOTOR_Displacement_fm  contral.o
    0x08001c48   0x08001c48   0x00000040   Code   RO         3792    i.MOTOR_Displacement_mm  contral.o
    0x08001c88   0x08001c88   0x00000040   Code   RO         3793    i.MOTOR_TURN        contral.o
    0x08001cc8   0x08001cc8   0x000001b0   Code   RO         3795    i.MSD_Move          contral.o
    0x08001e78   0x08001e78   0x0000018c   Code   RO         3796    i.MSD_Move1         contral.o
    0x08002004   0x08002004   0x00000190   Code   RO         3797    i.MSD_Move2         contral.o
    0x08002194   0x08002194   0x00000020   Code   RO         3798    i.MSD_StepCounter   contral.o
    0x080021b4   0x080021b4   0x00000020   Code   RO         3799    i.MSD_StepCounter1  contral.o
    0x080021d4   0x080021d4   0x00000020   Code   RO         3800    i.MSD_StepCounter2  contral.o
    0x080021f4   0x080021f4   0x00000004   Code   RO          174    i.MemManage_Handler  stm32f10x_it.o
    0x080021f8   0x080021f8   0x00000020   Code   RO         3801    i.Motor1_DIR        contral.o
    0x08002218   0x08002218   0x00000002   Code   RO          175    i.NMI_Handler       stm32f10x_it.o
    0x0800221a   0x0800221a   0x00000002   PAD
    0x0800221c   0x0800221c   0x00000070   Code   RO          459    i.NVIC_Init         misc.o
    0x0800228c   0x0800228c   0x00000014   Code   RO          460    i.NVIC_PriorityGroupConfig  misc.o
    0x080022a0   0x080022a0   0x00000028   Code   RO         4490    i.OLED_Clear        oled.o
    0x080022c8   0x080022c8   0x00000090   Code   RO         4491    i.OLED_ClearArea    oled.o
    0x08002358   0x08002358   0x0000005c   Code   RO         4499    i.OLED_GPIO_Init    oled.o
    0x080023b4   0x080023b4   0x0000003e   Code   RO         4501    i.OLED_I2C_SendByte  oled.o
    0x080023f2   0x080023f2   0x0000001c   Code   RO         4502    i.OLED_I2C_Start    oled.o
    0x0800240e   0x0800240e   0x00000016   Code   RO         4503    i.OLED_I2C_Stop     oled.o
    0x08002424   0x08002424   0x0000009a   Code   RO         4504    i.OLED_Init         oled.o
    0x080024be   0x080024be   0x00000014   Code   RO         4506    i.OLED_Pow          oled.o
    0x080024d2   0x080024d2   0x00000032   Code   RO         4507    i.OLED_Printf       oled.o
    0x08002504   0x08002504   0x00000022   Code   RO         4510    i.OLED_SetCursor    oled.o
    0x08002526   0x08002526   0x00000002   PAD
    0x08002528   0x08002528   0x00000054   Code   RO         4512    i.OLED_ShowChar     oled.o
    0x0800257c   0x0800257c   0x00000060   Code   RO         4514    i.OLED_ShowHexNum   oled.o
    0x080025dc   0x080025dc   0x000000fc   Code   RO         4515    i.OLED_ShowImage    oled.o
    0x080026d8   0x080026d8   0x00000070   Code   RO         4517    i.OLED_ShowSignedNum  oled.o
    0x08002748   0x08002748   0x00000110   Code   RO         4518    i.OLED_ShowString   oled.o
    0x08002858   0x08002858   0x00000028   Code   RO         4519    i.OLED_Update       oled.o
    0x08002880   0x08002880   0x0000001c   Code   RO         4521    i.OLED_W_SCL        oled.o
    0x0800289c   0x0800289c   0x0000001c   Code   RO         4522    i.OLED_W_SDA        oled.o
    0x080028b8   0x080028b8   0x00000020   Code   RO         4523    i.OLED_WriteCommand  oled.o
    0x080028d8   0x080028d8   0x0000002e   Code   RO         4524    i.OLED_WriteData    oled.o
    0x08002906   0x08002906   0x00000002   PAD
    0x08002908   0x08002908   0x0000013c   Code   RO         3583    i.ParseData         uart.o
    0x08002a44   0x08002a44   0x00000002   Code   RO          176    i.PendSV_Handler    stm32f10x_it.o
    0x08002a46   0x08002a46   0x00000002   PAD
    0x08002a48   0x08002a48   0x00000020   Code   RO         2026    i.RCC_APB1PeriphClockCmd  stm32f10x_rcc.o
    0x08002a68   0x08002a68   0x00000020   Code   RO         2028    i.RCC_APB2PeriphClockCmd  stm32f10x_rcc.o
    0x08002a88   0x08002a88   0x000000d4   Code   RO         2036    i.RCC_GetClocksFreq  stm32f10x_rcc.o
    0x08002b5c   0x08002b5c   0x00000028   Code   RO         3584    i.ResetAng_Z        uart.o
    0x08002b84   0x08002b84   0x0000004c   Code   RO         4096    i.SERVO1_CONTRAL    servo.o
    0x08002bd0   0x08002bd0   0x0000004c   Code   RO         4097    i.SERVO2_CONTRAL    servo.o
    0x08002c1c   0x08002c1c   0x0000004c   Code   RO         4098    i.SERVO3_CONTRAL    servo.o
    0x08002c68   0x08002c68   0x0000004c   Code   RO         4099    i.SERVO4_CONTRAL    servo.o
    0x08002cb4   0x08002cb4   0x00000002   Code   RO          177    i.SVC_Handler       stm32f10x_it.o
    0x08002cb6   0x08002cb6   0x00000002   PAD
    0x08002cb8   0x08002cb8   0x0000001c   Code   RO         3585    i.Serial1_GetRxFlag  uart.o
    0x08002cd4   0x08002cd4   0x000000a0   Code   RO         4100    i.Servo1_Init       servo.o
    0x08002d74   0x08002d74   0x000000a0   Code   RO         4101    i.Servo2_Init       servo.o
    0x08002e14   0x08002e14   0x000000a0   Code   RO         4102    i.Servo3_Init       servo.o
    0x08002eb4   0x08002eb4   0x000000a8   Code   RO         4103    i.Servo4_Init       servo.o
    0x08002f5c   0x08002f5c   0x0000004c   Code   RO         3802    i.Servo_SetAngle14  contral.o
    0x08002fa8   0x08002fa8   0x0000000e   Code   RO         3803    i.Servo_Stretch     contral.o
    0x08002fb6   0x08002fb6   0x0000000e   Code   RO         3804    i.Servo_default     contral.o
    0x08002fc4   0x08002fc4   0x00000008   Code   RO          317    i.SetSysClock       system_stm32f10x.o
    0x08002fcc   0x08002fcc   0x000000e0   Code   RO          318    i.SetSysClockTo72   system_stm32f10x.o
    0x080030ac   0x080030ac   0x00000002   Code   RO          178    i.SysTick_Handler   stm32f10x_it.o
    0x080030ae   0x080030ae   0x00000002   PAD
    0x080030b0   0x080030b0   0x00000060   Code   RO          320    i.SystemInit        system_stm32f10x.o
    0x08003110   0x08003110   0x00000220   Code   RO         3434    i.TIM2_IRQHandler   motor.o
    0x08003330   0x08003330   0x0000023c   Code   RO         3435    i.TIM3_IRQHandler   motor.o
    0x0800356c   0x0800356c   0x00000220   Code   RO         3436    i.TIM4_IRQHandler   motor.o
    0x0800378c   0x0800378c   0x00000068   Code   RO         4150    i.TIM6_COUNT_Init   time_count.o
    0x080037f4   0x080037f4   0x00000030   Code   RO         4151    i.TIM6_IRQHandler   time_count.o
    0x08003824   0x08003824   0x00000018   Code   RO         2648    i.TIM_ARRPreloadConfig  stm32f10x_tim.o
    0x0800383c   0x0800383c   0x00000006   Code   RO         2655    i.TIM_ClearITPendingBit  stm32f10x_tim.o
    0x08003842   0x08003842   0x00000018   Code   RO         2660    i.TIM_Cmd           stm32f10x_tim.o
    0x0800385a   0x0800385a   0x0000001e   Code   RO         2662    i.TIM_CtrlPWMOutputs  stm32f10x_tim.o
    0x08003878   0x08003878   0x00000022   Code   RO         2681    i.TIM_GetITStatus   stm32f10x_tim.o
    0x0800389a   0x0800389a   0x00000012   Code   RO         2685    i.TIM_ITConfig      stm32f10x_tim.o
    0x080038ac   0x080038ac   0x00000098   Code   RO         2689    i.TIM_OC1Init       stm32f10x_tim.o
    0x08003944   0x08003944   0x00000012   Code   RO         2692    i.TIM_OC1PreloadConfig  stm32f10x_tim.o
    0x08003956   0x08003956   0x00000002   PAD
    0x08003958   0x08003958   0x000000a4   Code   RO         2694    i.TIM_OC2Init       stm32f10x_tim.o
    0x080039fc   0x080039fc   0x0000001a   Code   RO         2697    i.TIM_OC2PreloadConfig  stm32f10x_tim.o
    0x08003a16   0x08003a16   0x00000002   PAD
    0x08003a18   0x08003a18   0x000000a0   Code   RO         2699    i.TIM_OC3Init       stm32f10x_tim.o
    0x08003ab8   0x08003ab8   0x00000012   Code   RO         2702    i.TIM_OC3PreloadConfig  stm32f10x_tim.o
    0x08003aca   0x08003aca   0x00000002   PAD
    0x08003acc   0x08003acc   0x0000007c   Code   RO         2704    i.TIM_OC4Init       stm32f10x_tim.o
    0x08003b48   0x08003b48   0x0000001a   Code   RO         2706    i.TIM_OC4PreloadConfig  stm32f10x_tim.o
    0x08003b62   0x08003b62   0x00000014   Code   RO         2707    i.TIM_OCStructInit  stm32f10x_tim.o
    0x08003b76   0x08003b76   0x00000004   Code   RO         2719    i.TIM_SetAutoreload  stm32f10x_tim.o
    0x08003b7a   0x08003b7a   0x00000004   Code   RO         2721    i.TIM_SetCompare1   stm32f10x_tim.o
    0x08003b7e   0x08003b7e   0x00000004   Code   RO         2722    i.TIM_SetCompare2   stm32f10x_tim.o
    0x08003b82   0x08003b82   0x00000004   Code   RO         2723    i.TIM_SetCompare3   stm32f10x_tim.o
    0x08003b86   0x08003b86   0x00000006   Code   RO         2724    i.TIM_SetCompare4   stm32f10x_tim.o
    0x08003b8c   0x08003b8c   0x000000a4   Code   RO         2731    i.TIM_TimeBaseInit  stm32f10x_tim.o
    0x08003c30   0x08003c30   0x00000012   Code   RO         2732    i.TIM_TimeBaseStructInit  stm32f10x_tim.o
    0x08003c42   0x08003c42   0x00000018   Code   RO         2734    i.TIM_UpdateRequestConfig  stm32f10x_tim.o
    0x08003c5a   0x08003c5a   0x00000002   PAD
    0x08003c5c   0x08003c5c   0x000000a8   Code   RO         3588    i.UART1_Init        uart.o
    0x08003d04   0x08003d04   0x000000b4   Code   RO         3592    i.UART2_Init        uart.o
    0x08003db8   0x08003db8   0x000000b8   Code   RO         3594    i.UART4_IRQHandler  uart.o
    0x08003e70   0x08003e70   0x000000ac   Code   RO         3595    i.UART4_Init        uart.o
    0x08003f1c   0x08003f1c   0x00000018   Code   RO         3597    i.UART_SendPacket2UP  uart.o
    0x08003f34   0x08003f34   0x00000094   Code   RO         3598    i.USART1_IRQHandler  uart.o
    0x08003fc8   0x08003fc8   0x00000020   Code   RO         3599    i.USART1_SendBits   uart.o
    0x08003fe8   0x08003fe8   0x00000038   Code   RO         3600    i.USART2_IRQHandler  uart.o
    0x08004020   0x08004020   0x0000001e   Code   RO         3193    i.USART_ClearITPendingBit  stm32f10x_usart.o
    0x0800403e   0x0800403e   0x00000018   Code   RO         3196    i.USART_Cmd         stm32f10x_usart.o
    0x08004056   0x08004056   0x0000001a   Code   RO         3199    i.USART_GetFlagStatus  stm32f10x_usart.o
    0x08004070   0x08004070   0x00000054   Code   RO         3200    i.USART_GetITStatus  stm32f10x_usart.o
    0x080040c4   0x080040c4   0x0000004a   Code   RO         3202    i.USART_ITConfig    stm32f10x_usart.o
    0x0800410e   0x0800410e   0x00000002   PAD
    0x08004110   0x08004110   0x000000d8   Code   RO         3203    i.USART_Init        stm32f10x_usart.o
    0x080041e8   0x080041e8   0x0000000a   Code   RO         3210    i.USART_ReceiveData  stm32f10x_usart.o
    0x080041f2   0x080041f2   0x00000008   Code   RO         3213    i.USART_SendData    stm32f10x_usart.o
    0x080041fa   0x080041fa   0x00000002   PAD
    0x080041fc   0x080041fc   0x00000020   Code   RO         3605    i.Uart4_SendByte    uart.o
    0x0800421c   0x0800421c   0x00000004   Code   RO          179    i.UsageFault_Handler  stm32f10x_it.o
    0x08004220   0x08004220   0x00000024   Code   RO         4853    i.__0vsprintf       mc_w.l(printfa.o)
    0x08004244   0x08004244   0x0000000e   Code   RO         4994    i.__scatterload_copy  mc_w.l(handlers.o)
    0x08004252   0x08004252   0x00000002   Code   RO         4995    i.__scatterload_null  mc_w.l(handlers.o)
    0x08004254   0x08004254   0x0000000e   Code   RO         4996    i.__scatterload_zeroinit  mc_w.l(handlers.o)
    0x08004262   0x08004262   0x00000002   PAD
    0x08004264   0x08004264   0x0000000c   Code   RO         4966    i.__set_errno       mc_w.l(errno.o)
    0x08004270   0x08004270   0x00000184   Code   RO         4854    i._fp_digits        mc_w.l(printfa.o)
    0x080043f4   0x080043f4   0x000006dc   Code   RO         4855    i._printf_core      mc_w.l(printfa.o)
    0x08004ad0   0x08004ad0   0x00000024   Code   RO         4856    i._printf_post_padding  mc_w.l(printfa.o)
    0x08004af4   0x08004af4   0x0000002e   Code   RO         4857    i._printf_pre_padding  mc_w.l(printfa.o)
    0x08004b22   0x08004b22   0x0000000a   Code   RO         4859    i._sputc            mc_w.l(printfa.o)
    0x08004b2c   0x08004b2c   0x00000010   Code   RO         3806    i.abs_int           contral.o
    0x08004b3c   0x08004b3c   0x0000001e   Code   RO         3807    i.adjust_float      contral.o
    0x08004b5a   0x08004b5a   0x00000002   PAD
    0x08004b5c   0x08004b5c   0x00000024   Code   RO         4169    i.arrive_block2_get  contral_claw.o
    0x08004b80   0x08004b80   0x00000024   Code   RO         4171    i.arrive_block2_put  contral_claw.o
    0x08004ba4   0x08004ba4   0x00000024   Code   RO         4172    i.arrive_block_get  contral_claw.o
    0x08004bc8   0x08004bc8   0x0000002c   Code   RO         4173    i.arrive_block_get1  contral_claw.o
    0x08004bf4   0x08004bf4   0x00000024   Code   RO         4174    i.arrive_block_put  contral_claw.o
    0x08004c18   0x08004c18   0x00000024   Code   RO         4176    i.arrive_block_put_champion  contral_claw.o
    0x08004c3c   0x08004c3c   0x00000024   Code   RO         4177    i.arrive_block_put_num3  contral_claw.o
    0x08004c60   0x08004c60   0x00000024   Code   RO         4178    i.arrive_block_put_runnerup  contral_claw.o
    0x08004c84   0x08004c84   0x00000024   Code   RO         4179    i.arrive_camera     contral_claw.o
    0x08004ca8   0x08004ca8   0x00000024   Code   RO         4181    i.arrive_car2_put   contral_claw.o
    0x08004ccc   0x08004ccc   0x00000024   Code   RO         4182    i.arrive_car_get    contral_claw.o
    0x08004cf0   0x08004cf0   0x00000024   Code   RO         4183    i.arrive_car_get2   contral_claw.o
    0x08004d14   0x08004d14   0x00000024   Code   RO         4184    i.arrive_car_put    contral_claw.o
    0x08004d38   0x08004d38   0x00000024   Code   RO         4185    i.arrive_circle_capture  contral_claw.o
    0x08004d5c   0x08004d5c   0x00000024   Code   RO         4186    i.arrive_circle_capture2  contral_claw.o
    0x08004d80   0x08004d80   0x00000024   Code   RO         4187    i.arrive_color_reco  contral_claw.o
    0x08004da4   0x08004da4   0x00000024   Code   RO         4188    i.arrive_most_down  contral_claw.o
    0x08004dc8   0x08004dc8   0x00000028   Code   RO         4189    i.arrive_most_up    contral_claw.o
    0x08004df0   0x08004df0   0x00000024   Code   RO         4191    i.arrive_put_down2  contral_claw.o
    0x08004e14   0x08004e14   0x00000034   Code   RO         3808    i.claw_Init         contral.o
    0x08004e48   0x08004e48   0x0000002c   Code   RO         3809    i.claw_close        contral.o
    0x08004e74   0x08004e74   0x0000002c   Code   RO         3810    i.claw_close2       contral.o
    0x08004ea0   0x08004ea0   0x0000005e   Code   RO         4192    i.claw_get2_block1  contral_claw.o
    0x08004efe   0x08004efe   0x0000007a   Code   RO         4193    i.claw_get2_block2  contral_claw.o
    0x08004f78   0x08004f78   0x0000007a   Code   RO         4194    i.claw_get2_block3  contral_claw.o
    0x08004ff2   0x08004ff2   0x00000060   Code   RO         4195    i.claw_get_block1   contral_claw.o
    0x08005052   0x08005052   0x00000060   Code   RO         4196    i.claw_get_block2   contral_claw.o
    0x080050b2   0x080050b2   0x00000060   Code   RO         4197    i.claw_get_block3   contral_claw.o
    0x08005112   0x08005112   0x00000060   Code   RO         4198    i.claw_get_block4   contral_claw.o
    0x08005172   0x08005172   0x00000060   Code   RO         4199    i.claw_get_block5   contral_claw.o
    0x080051d2   0x080051d2   0x00000022   Code   RO         4200    i.claw_home         contral_claw.o
    0x080051f4   0x080051f4   0x0000002c   Code   RO         3813    i.claw_open         contral.o
    0x08005220   0x08005220   0x0000002c   Code   RO         3814    i.claw_open1        contral.o
    0x0800524c   0x0800524c   0x00000088   Code   RO         4201    i.claw_position     contral_claw.o
    0x080052d4   0x080052d4   0x0000005a   Code   RO         4203    i.claw_put2_block   contral_claw.o
    0x0800532e   0x0800532e   0x00000056   Code   RO         4204    i.claw_put_block1   contral_claw.o
    0x08005384   0x08005384   0x00000056   Code   RO         4205    i.claw_put_block2   contral_claw.o
    0x080053da   0x080053da   0x00000056   Code   RO         4206    i.claw_put_block3   contral_claw.o
    0x08005430   0x08005430   0x00000054   Code   RO         4207    i.claw_put_block4   contral_claw.o
    0x08005484   0x08005484   0x00000054   Code   RO         4208    i.claw_put_block5   contral_claw.o
    0x080054d8   0x080054d8   0x00000064   Code   RO         4209    i.claw_put_champion  contral_claw.o
    0x0800553c   0x0800553c   0x00000064   Code   RO         4210    i.claw_put_num3     contral_claw.o
    0x080055a0   0x080055a0   0x00000064   Code   RO         4211    i.claw_put_runnerup  contral_claw.o
    0x08005604   0x08005604   0x00000024   Code   RO         4212    i.claw_task2_reco   contral_claw.o
    0x08005628   0x08005628   0x00000014   Code   RO         3815    i.claw_turn0        contral.o
    0x0800563c   0x0800563c   0x00000014   Code   RO         3816    i.claw_turn1        contral.o
    0x08005650   0x08005650   0x00000014   Code   RO         3818    i.claw_turn2        contral.o
    0x08005664   0x08005664   0x00000014   Code   RO         3819    i.claw_turn3        contral.o
    0x08005678   0x08005678   0x00000014   Code   RO         3820    i.claw_turn4        contral.o
    0x0800568c   0x0800568c   0x00000014   Code   RO         3821    i.claw_turn5        contral.o
    0x080056a0   0x080056a0   0x00000014   Code   RO         3824    i.contral_motor_Init  contral.o
    0x080056b4   0x080056b4   0x00000018   Code   RO          418    i.delay_ms          delay.o
    0x080056cc   0x080056cc   0x0000002e   Code   RO          420    i.delay_us          delay.o
    0x080056fa   0x080056fa   0x00000002   PAD
    0x080056fc   0x080056fc   0x00000068   Code   RO         3608    i.determicro        uart.o
    0x08005764   0x08005764   0x00000028   Code   RO         4837    i.fminf             m_ws.l(fminf.o)
    0x0800578c   0x0800578c   0x000001bc   Code   RO         4744    i.getClosestColor   colorreco.o
    0x08005948   0x08005948   0x000001b4   Code   RO            1    i.main              main.o
    0x08005afc   0x08005afc   0x0000002a   Code   RO         3825    i.max_Return        contral.o
    0x08005b26   0x08005b26   0x0000004c   Code   RO         4830    i.sqrt              m_ws.l(sqrt.o)
    0x08005b72   0x08005b72   0x00000012   Code   RO         3826    i.support_turn120   contral.o
    0x08005b84   0x08005b84   0x00000032   Code   RO         4084    i.system_Init       system_init.o
    0x08005bb6   0x08005bb6   0x00000002   PAD
    0x08005bb8   0x08005bb8   0x00000094   Code   RO         3610    i.u2_printf         uart.o
    0x08005c4c   0x08005c4c   0x00000a30   Code   RO         3829    i.uart_handle       contral.o
    0x0800667c   0x0800667c   0x0000093f   Data   RO         4722    .constdata          oled_data.o
    0x08006fbb   0x08006fbb   0x00000001   PAD
    0x08006fbc   0x08006fbc   0x00000020   Data   RO         4992    Region$$Table       anon$$obj.o


    Execution Region ER_RW (Exec base: 0x20000000, Load base: 0x08006fdc, Size: 0x0000009c, Max: 0xffffffff, ABSOLUTE)

    Exec Addr    Load Addr    Size         Type   Attr      Idx    E Section Name        Object

    0x20000000   0x08006fdc   0x00000006   Data   RW            3    .data               main.o
    0x20000006   0x08006fe2   0x00000014   Data   RW         2056    .data               stm32f10x_rcc.o
    0x2000001a   0x08006ff6   0x00000002   PAD
    0x2000001c   0x08006ff8   0x00000024   Data   RW         3437    .data               motor.o
    0x20000040   0x0800701c   0x00000024   Data   RW         3612    .data               uart.o
    0x20000064   0x08007040   0x00000020   Data   RW         3831    .data               contral.o
    0x20000084   0x08007060   0x00000001   Data   RW         4152    .data               time_count.o
    0x20000085   0x08007061   0x00000001   PAD
    0x20000086   0x08007062   0x00000008   Data   RW         4213    .data               contral_claw.o
    0x2000008e   0x0800706a   0x00000002   PAD
    0x20000090   0x0800706c   0x00000008   Data   RW         4745    .data               colorreco.o
    0x20000098   0x08007074   0x00000004   Data   RW         4967    .data               mc_w.l(errno.o)


    Execution Region ER_ZI (Exec base: 0x2000009c, Load base: 0x08007078, Size: 0x0000092c, Max: 0xffffffff, ABSOLUTE)

    Exec Addr    Load Addr    Size         Type   Attr      Idx    E Section Name        Object

    0x2000009c        -       0x000000de   Zero   RW         3611    .bss                uart.o
    0x2000017a   0x08007078   0x00000002   PAD
    0x2000017c        -       0x00000048   Zero   RW         3830    .bss                contral.o
    0x200001c4        -       0x00000400   Zero   RW         4526    .bss                oled.o
    0x200005c4   0x08007078   0x00000004   PAD
    0x200005c8        -       0x00000400   Zero   RW          452    STACK               startup_stm32f10x_hd.o


==============================================================================

Image component sizes


      Code (inc. data)   RO Data    RW Data    ZI Data      Debug   Object Name

       938         68          0          8          0       6817   colorreco.o
      6018        510          0         32         72      25811   contral.o
      2536         96          0          8          0      22232   contral_claw.o
        70          0          0          0          0        978   delay.o
       104         10          0          0          0        989   key.o
       132         10          0          0          0        531   led.o
       436         60          0          6          0       5488   main.o
       132         22          0          0          0       1535   misc.o
      3280        150          0         36          0       6268   motor.o
      1636         52          0          0       1024      13083   oled.o
         0          0       2367          0          0       1154   oled_data.o
       952        102          0          0          0       4848   servo.o
        36          8        304          0       1024        792   startup_stm32f10x_hd.o
        72         18          0          0          0       1138   stm32f10x_dma.o
       458          6          0          0          0       5078   stm32f10x_gpio.o
        26          0          0          0          0      47226   stm32f10x_it.o
       276         32          0         20          0       4430   stm32f10x_rcc.o
      1072         92          0          0          0      14204   stm32f10x_tim.o
       472          6          0          0          0       6811   stm32f10x_usart.o
         0          0          0          0          0     204808   sys.o
        50          0          0          0          0        518   system_init.o
       328         28          0          0          0       1801   system_stm32f10x.o
       152         14          0          1          0       1088   time_count.o
      1662        140          0         36        222      11401   uart.o
        22          0          0          0          0        491   ws2812.o

    ----------------------------------------------------------------------
     20896       1424       2704        152       2348     389520   Object Totals
         0          0         32          0          0          0   (incl. Generated)
        36          0          1          5          6          0   (incl. Padding)

    ----------------------------------------------------------------------

      Code (inc. data)   RO Data    RW Data    ZI Data      Debug   Library Member Name

        40          0          0          0          0         80   fminf.o
        76          0          0          0          0         84   sqrt.o
         0          0          0          0          0          0   entry.o
         0          0          0          0          0          0   entry10a.o
         0          0          0          0          0          0   entry11a.o
         8          4          0          0          0          0   entry2.o
         4          0          0          0          0          0   entry5.o
         0          0          0          0          0          0   entry7b.o
         0          0          0          0          0          0   entry8b.o
         8          4          0          0          0          0   entry9a.o
        12          6          0          4          0         68   errno.o
        30          0          0          0          0          0   handlers.o
        36          8          0          0          0         68   init.o
         0          0          0          0          0          0   iusefp.o
        30          0          0          0          0         68   llshl.o
        36          0          0          0          0         68   llsshr.o
        32          0          0          0          0         68   llushr.o
      2272         86          0          0          0        516   printfa.o
        28          0          0          0          0         76   strcmp.o
        14          0          0          0          0         68   strlen.o
        44          0          0          0          0         80   uidiv.o
        98          0          0          0          0         92   uldiv.o
        48          0          0          0          0         68   cdcmple.o
        48          0          0          0          0         68   cdrcmple.o
        20          0          0          0          0         68   cfcmple.o
        20          0          0          0          0         68   cfrcmple.o
        56          0          0          0          0         88   d2f.o
       334          0          0          0          0        148   dadd.o
       222          0          0          0          0        100   ddiv.o
       186          0          0          0          0        176   depilogue.o
        62          0          0          0          0         80   dfixi.o
        50          0          0          0          0         76   dfixui.o
        48          0          0          0          0         68   dfixul.o
        34          0          0          0          0         76   dflti.o
        26          0          0          0          0         76   dfltui.o
       228          0          0          0          0         96   dmul.o
       162          0          0          0          0        100   dsqrt.o
        38          0          0          0          0         68   f2d.o
       176          0          0          0          0        140   fadd.o
        54          0          0          0          0         68   fcmp4.o
       124          0          0          0          0         88   fdiv.o
       110          0          0          0          0        168   fepilogue.o
        50          0          0          0          0         68   ffixi.o
        40          0          0          0          0         68   ffixui.o
        18          0          0          0          0         68   fflti.o
        10          0          0          0          0         68   ffltui.o
       100          0          0          0          0         76   fmul.o

    ----------------------------------------------------------------------
      5036        108          0          4          0       3572   Library Totals
         4          0          0          0          0          0   (incl. Padding)

    ----------------------------------------------------------------------

      Code (inc. data)   RO Data    RW Data    ZI Data      Debug   Library Name

       116          0          0          0          0        164   m_ws.l
      2652        108          0          4          0       1172   mc_w.l
      2264          0          0          0          0       2236   mf_w.l

    ----------------------------------------------------------------------
      5036        108          0          4          0       3572   Library Totals

    ----------------------------------------------------------------------

==============================================================================


      Code (inc. data)   RO Data    RW Data    ZI Data      Debug   

     25932       1532       2704        156       2348     380764   Grand Totals
     25932       1532       2704        156       2348     380764   ELF Image Totals
     25932       1532       2704        156          0          0   ROM Totals

==============================================================================

    Total RO  Size (Code + RO Data)                28636 (  27.96kB)
    Total RW  Size (RW Data + ZI Data)              2504 (   2.45kB)
    Total ROM Size (Code + RO Data + RW Data)      28792 (  28.12kB)

==============================================================================

